Component: ARM Compiler 5.06 update 6 (build 750) Tool: armlink [4d35ed]

==============================================================================

Section Cross References

    system_stm32f4xx.o(i.SystemCoreClockUpdate) refers to system_stm32f4xx.o(.data) for SystemCoreClock
    system_stm32f4xx.o(i.SystemCoreClockUpdate) refers to system_stm32f4xx.o(.constdata) for AHBPrescTable
    stm32f4xx_it.o(i.CAN1_RX0_IRQHandler) refers to stm32f4xx_hal_can.o(i.HAL_CAN_IRQHandler) for HAL_CAN_IRQHandler
    stm32f4xx_it.o(i.CAN1_RX0_IRQHandler) refers to io_config.o(.bss) for CanHandle
    stm32f4xx_it.o(i.DMA1_Stream1_IRQHandler) refers to stm32f4xx_hal_dma.o(i.HAL_DMA_IRQHandler) for HAL_DMA_IRQHandler
    stm32f4xx_it.o(i.DMA1_Stream1_IRQHandler) refers to io_config.o(.bss) for Uart3Handle
    stm32f4xx_it.o(i.DMA1_Stream3_IRQHandler) refers to stm32f4xx_hal_dma.o(i.HAL_DMA_IRQHandler) for HAL_DMA_IRQHandler
    stm32f4xx_it.o(i.DMA1_Stream3_IRQHandler) refers to io_config.o(.bss) for Uart3Handle
    stm32f4xx_it.o(i.DMA2_Stream0_IRQHandler) refers to stm32f4xx_hal_dma.o(i.HAL_DMA_IRQHandler) for HAL_DMA_IRQHandler
    stm32f4xx_it.o(i.DMA2_Stream0_IRQHandler) refers to io_config.o(.bss) for AdcHandle
    stm32f4xx_it.o(i.DMA2_Stream7_IRQHandler) refers to stm32f4xx_hal_dma.o(i.HAL_DMA_IRQHandler) for HAL_DMA_IRQHandler
    stm32f4xx_it.o(i.DMA2_Stream7_IRQHandler) refers to io_config.o(.bss) for Adc2Handle
    stm32f4xx_it.o(i.SysTick_Handler) refers to stm32f4xx_hal.o(i.HAL_IncTick) for HAL_IncTick
    stm32f4xx_it.o(i.SysTick_Handler) refers to stm32f4xx_it.o(.data) for message_counter
    stm32f4xx_it.o(i.SysTick_Handler) refers to motor.o(.data) for motorTimeoutFlag
    stm32f4xx_it.o(i.USART2_IRQHandler) refers to stm32f4xx_hal_uart.o(i.HAL_UART_IRQHandler) for HAL_UART_IRQHandler
    stm32f4xx_it.o(i.USART2_IRQHandler) refers to io_config.o(.bss) for Uart2Handle
    stm32f4xx_it.o(i.USART3_IRQHandler) refers to stm32f4xx_hal_uart.o(i.HAL_UART_IRQHandler) for HAL_UART_IRQHandler
    stm32f4xx_it.o(i.USART3_IRQHandler) refers to io_config.o(.bss) for Uart3Handle
    main.o(i.SystemClock_Config) refers to stm32f4xx_hal_rcc.o(i.HAL_RCC_OscConfig) for HAL_RCC_OscConfig
    main.o(i.SystemClock_Config) refers to stm32f4xx_hal_rcc.o(i.HAL_RCC_ClockConfig) for HAL_RCC_ClockConfig
    main.o(i.SystemClock_Config) refers to stm32f4xx_hal.o(i.HAL_GetREVID) for HAL_GetREVID
    main.o(i.main) refers to stm32f4xx_hal.o(i.HAL_Init) for HAL_Init
    main.o(i.main) refers to main.o(i.SystemClock_Config) for SystemClock_Config
    main.o(i.main) refers to io_config.o(i.ADC_DMA_CONFIG) for ADC_DMA_CONFIG
    main.o(i.main) refers to io_config.o(i.DIGITAL_OUT_CONFIG) for DIGITAL_OUT_CONFIG
    main.o(i.main) refers to io_config.o(i.USART2_CONFIG) for USART2_CONFIG
    main.o(i.main) refers to io_config.o(i.USART3_CONFIG) for USART3_CONFIG
    main.o(i.main) refers to io_config.o(i.CAN1_CONFIG) for CAN1_CONFIG
    main.o(i.main) refers to io_config.o(i.PWM_CONFIG) for PWM_CONFIG
    main.o(i.main) refers to can.o(i.CAN1_RX) for CAN1_RX
    main.o(i.main) refers to can.o(i.mesaj_dogrulama) for mesaj_dogrulama
    main.o(i.main) refers to usart_2.o(i.updateUSART2Write) for updateUSART2Write
    main.o(i.main) refers to usart_3.o(i.updateUSART3Write) for updateUSART3Write
    main.o(i.main) refers to io_read_write.o(i.ReadAnalogPins) for ReadAnalogPins
    main.o(i.main) refers to can.o(i.parse_CAN_message) for parse_CAN_message
    main.o(i.main) refers to motor.o(i.encoder_start) for encoder_start
    main.o(i.main) refers to motor.o(i.motor_stabilize_deneme) for motor_stabilize_deneme
    main.o(i.main) refers to io_read_write.o(i.beatHeart) for beatHeart
    main.o(i.main) refers to stm32f4xx_it.o(.data) for CAN_message_counter
    main.o(i.main) refers to can.o(.bss) for mesaj
    main.o(i.main) refers to main.o(.data) for firstRunFlag
    io_config.o(i.ADC_CHANNEL_CONFIG) refers to stm32f4xx_hal_adc.o(i.HAL_ADC_ConfigChannel) for HAL_ADC_ConfigChannel
    io_config.o(i.ADC_DMA_CONFIG) refers to io_pin.o(i.CREATE_ANALOG_PIN) for CREATE_ANALOG_PIN
    io_config.o(i.ADC_DMA_CONFIG) refers to stm32f4xx_hal_adc.o(i.HAL_ADC_Init) for HAL_ADC_Init
    io_config.o(i.ADC_DMA_CONFIG) refers to io_config.o(i.ADC_CHANNEL_CONFIG) for ADC_CHANNEL_CONFIG
    io_config.o(i.ADC_DMA_CONFIG) refers to stm32f4xx_hal_adc.o(i.HAL_ADC_Start_DMA) for HAL_ADC_Start_DMA
    io_config.o(i.ADC_DMA_CONFIG) refers to io_config.o(.bss) for AdcHandle
    io_config.o(i.ADC_DMA_CONFIG) refers to io_config.o(.data) for ADC1ConvertedValue
    io_config.o(i.CAN1_CONFIG) refers to io_pin.o(i.CREATE_CAN_PIN) for CREATE_CAN_PIN
    io_config.o(i.CAN1_CONFIG) refers to stm32f4xx_hal_gpio.o(i.HAL_GPIO_Init) for HAL_GPIO_Init
    io_config.o(i.CAN1_CONFIG) refers to stm32f4xx_hal_cortex.o(i.HAL_NVIC_SetPriority) for HAL_NVIC_SetPriority
    io_config.o(i.CAN1_CONFIG) refers to stm32f4xx_hal_cortex.o(i.HAL_NVIC_EnableIRQ) for HAL_NVIC_EnableIRQ
[...]
    i.HAL_CAN_RxFifo1MsgPendingCallback      0x08002242   Section        0  stm32f4xx_hal_can.o(i.HAL_CAN_RxFifo1MsgPendingCallback)
    i.HAL_CAN_SleepCallback                  0x08002244   Section        0  stm32f4xx_hal_can.o(i.HAL_CAN_SleepCallback)
    i.HAL_CAN_Start                          0x08002246   Section        0  stm32f4xx_hal_can.o(i.HAL_CAN_Start)
    i.HAL_CAN_TxMailbox0AbortCallback        0x080022a6   Section        0  stm32f4xx_hal_can.o(i.HAL_CAN_TxMailbox0AbortCallback)
    i.HAL_CAN_TxMailbox0CompleteCallback     0x080022a8   Section        0  stm32f4xx_hal_can.o(i.HAL_CAN_TxMailbox0CompleteCallback)
    i.HAL_CAN_TxMailbox1AbortCallback        0x080022aa   Section        0  stm32f4xx_hal_can.o(i.HAL_CAN_TxMailbox1AbortCallback)
    i.HAL_CAN_TxMailbox1CompleteCallback     0x080022ac   Section        0  stm32f4xx_hal_can.o(i.HAL_CAN_TxMailbox1CompleteCallback)
    i.HAL_CAN_TxMailbox2AbortCallback        0x080022ae   Section        0  stm32f4xx_hal_can.o(i.HAL_CAN_TxMailbox2AbortCallback)
    i.HAL_CAN_TxMailbox2CompleteCallback     0x080022b0   Section        0  stm32f4xx_hal_can.o(i.HAL_CAN_TxMailbox2CompleteCallback)
    i.HAL_CAN_WakeUpFromRxMsgCallback        0x080022b2   Section        0  stm32f4xx_hal_can.o(i.HAL_CAN_WakeUpFromRxMsgCallback)
    i.HAL_DMA_Abort_IT                       0x080022b4   Section        0  stm32f4xx_hal_dma.o(i.HAL_DMA_Abort_IT)
    i.HAL_DMA_IRQHandler                     0x080022dc   Section        0  stm32f4xx_hal_dma.o(i.HAL_DMA_IRQHandler)
    i.HAL_DMA_Init                           0x0800251c   Section        0  stm32f4xx_hal_dma.o(i.HAL_DMA_Init)
    i.HAL_DMA_Start_IT                       0x08002608   Section        0  stm32f4xx_hal_dma.o(i.HAL_DMA_Start_IT)
    i.HAL_GPIO_Init                          0x080026a8   Section        0  stm32f4xx_hal_gpio.o(i.HAL_GPIO_Init)
    i.HAL_GPIO_TogglePin                     0x080028a8   Section        0  stm32f4xx_hal_gpio.o(i.HAL_GPIO_TogglePin)
    i.HAL_GPIO_WritePin                      0x080028b0   Section        0  stm32f4xx_hal_gpio.o(i.HAL_GPIO_WritePin)
    i.HAL_GetREVID                           0x080028bc   Section        0  stm32f4xx_hal.o(i.HAL_GetREVID)
    i.HAL_GetTick                            0x080028c8   Section        0  stm32f4xx_hal.o(i.HAL_GetTick)
    i.HAL_IncTick                            0x080028d4   Section        0  stm32f4xx_hal.o(i.HAL_IncTick)
    i.HAL_Init                               0x080028ec   Section        0  stm32f4xx_hal.o(i.HAL_Init)
    i.HAL_InitTick                           0x08002918   Section        0  stm32f4xx_hal.o(i.HAL_InitTick)
    i.HAL_MspInit                            0x08002964   Section        0  stm32f4xx_hal.o(i.HAL_MspInit)
    i.HAL_NVIC_EnableIRQ                     0x08002966   Section        0  stm32f4xx_hal_cortex.o(i.HAL_NVIC_EnableIRQ)
    i.HAL_NVIC_SetPriority                   0x08002986   Section        0  stm32f4xx_hal_cortex.o(i.HAL_NVIC_SetPriority)
    i.HAL_NVIC_SetPriorityGrouping           0x08002a04   Section        0  stm32f4xx_hal_cortex.o(i.HAL_NVIC_SetPriorityGrouping)
    i.HAL_RCC_ClockConfig                    0x08002a2c   Section        0  stm32f4xx_hal_rcc.o(i.HAL_RCC_ClockConfig)
    i.HAL_RCC_GetHCLKFreq                    0x08002bac   Section        0  stm32f4xx_hal_rcc.o(i.HAL_RCC_GetHCLKFreq)
    i.HAL_RCC_GetPCLK1Freq                   0x08002bb8   Section        0  stm32f4xx_hal_rcc.o(i.HAL_RCC_GetPCLK1Freq)
    i.HAL_RCC_GetPCLK2Freq                   0x08002bd8   Section        0  stm32f4xx_hal_rcc.o(i.HAL_RCC_GetPCLK2Freq)
    i.HAL_RCC_GetSysClockFreq                0x08002bf8   Section        0  stm32f4xx_hal_rcc.o(i.HAL_RCC_GetSysClockFreq)
    i.HAL_RCC_OscConfig                      0x08002ca8   Section        0  stm32f4xx_hal_rcc.o(i.HAL_RCC_OscConfig)
    i.HAL_SYSTICK_Config                     0x080030f0   Section        0  stm32f4xx_hal_cortex.o(i.HAL_SYSTICK_Config)
    i.HAL_TIM_Base_Init                      0x08003124   Section        0  stm32f4xx_hal_tim.o(i.HAL_TIM_Base_Init)
    i.HAL_TIM_Base_MspInit                   0x08003158   Section        0  stm32f4xx_hal_tim.o(i.HAL_TIM_Base_MspInit)
    i.HAL_TIM_OC_Init                        0x0800315a   Section        0  stm32f4xx_hal_tim.o(i.HAL_TIM_OC_Init)
    i.HAL_TIM_OC_MspInit                     0x0800318e   Section        0  stm32f4xx_hal_tim.o(i.HAL_TIM_OC_MspInit)
    i.HAL_TIM_PWM_ConfigChannel              0x08003190   Section        0  stm32f4xx_hal_tim.o(i.HAL_TIM_PWM_ConfigChannel)
    i.HAL_TIM_PWM_Start                      0x08003298   Section        0  stm32f4xx_hal_tim.o(i.HAL_TIM_PWM_Start)
    i.HAL_UART_ErrorCallback                 0x080032e4   Section        0  stm32f4xx_hal_uart.o(i.HAL_UART_ErrorCallback)
    i.HAL_UART_IRQHandler                    0x080032e8   Section        0  stm32f4xx_hal_uart.o(i.HAL_UART_IRQHandler)
    i.HAL_UART_Init                          0x08003434   Section        0  stm32f4xx_hal_uart.o(i.HAL_UART_Init)
    i.HAL_UART_MspInit                       0x080034a6   Section        0  stm32f4xx_hal_uart.o(i.HAL_UART_MspInit)
    i.HAL_UART_Receive_IT                    0x080034a8   Section        0  stm32f4xx_hal_uart.o(i.HAL_UART_Receive_IT)
    i.HAL_UART_RxCpltCallback                0x0800350c   Section        0  io_config.o(i.HAL_UART_RxCpltCallback)
    i.HAL_UART_Transmit_DMA                  0x08003530   Section        0  stm32f4xx_hal_uart.o(i.HAL_UART_Transmit_DMA)
    i.HAL_UART_Transmit_IT                   0x080035cc   Section        0  stm32f4xx_hal_uart.o(i.HAL_UART_Transmit_IT)
    i.HAL_UART_TxCpltCallback                0x08003624   Section        0  io_config.o(i.HAL_UART_TxCpltCallback)
    i.HAL_UART_TxHalfCpltCallback            0x08003626   Section        0  stm32f4xx_hal_uart.o(i.HAL_UART_TxHalfCpltCallback)
    i.HardFault_Handler                      0x08003628   Section        0  stm32f4xx_it.o(i.HardFault_Handler)
    i.MemManage_Handler                      0x0800362c   Section        0  stm32f4xx_it.o(i.MemManage_Handler)
    i.NMI_Handler                            0x08003630   Section        0  stm32f4xx_it.o(i.NMI_Handler)
    i.PWM_CONFIG                             0x08003634   Section        0  io_config.o(i.PWM_CONFIG)
    i.PendSV_Handler                         0x080036b4   Section        0  stm32f4xx_it.o(i.PendSV_Handler)
    i.ReadAnalogPins                         0x080036b8   Section        0  io_read_write.o(i.ReadAnalogPins)
    i.SVC_Handler                            0x08003734   Section        0  stm32f4xx_it.o(i.SVC_Handler)
    i.SysTick_Handler                        0x08003738   Section        0  stm32f4xx_it.o(i.SysTick_Handler)
    i.SystemClock_Config                     0x080037bc   Section        0  main.o(i.SystemClock_Config)
    SystemClock_Config                       0x080037bd   Thumb Code   166  main.o(i.SystemClock_Config)
    i.SystemInit                             0x08003870   Section        0  system_stm32f4xx.o(i.SystemInit)
    i.TIM4_CONFIG                            0x080038d4   Section        0  io_config.o(i.TIM4_CONFIG)
    i.TIM_Base_SetConfig                     0x08003924   Section        0  stm32f4xx_hal_tim.o(i.TIM_Base_SetConfig)
    i.TIM_CCxChannelCmd                      0x08003a08   Section        0  stm32f4xx_hal_tim.o(i.TIM_CCxChannelCmd)
    i.TIM_OC1_SetConfig                      0x08003a24   Section        0  stm32f4xx_hal_tim.o(i.TIM_OC1_SetConfig)
    TIM_OC1_SetConfig                        0x08003a25   Thumb Code   102  stm32f4xx_hal_tim.o(i.TIM_OC1_SetConfig)
    i.TIM_OC2_SetConfig                      0x08003a94   Section        0  stm32f4xx_hal_tim.o(i.TIM_OC2_SetConfig)
    i.TIM_OC3_SetConfig                      0x08003b0c   Section        0  stm32f4xx_hal_tim.o(i.TIM_OC3_SetConfig)
    TIM_OC3_SetConfig                        0x08003b0d   Thumb Code   110  stm32f4xx_hal_tim.o(i.TIM_OC3_SetConfig)
    i.TIM_OC4_SetConfig                      0x08003b84   Section        0  stm32f4xx_hal_tim.o(i.TIM_OC4_SetConfig)
    TIM_OC4_SetConfig                        0x08003b85   Thumb Code    88  stm32f4xx_hal_tim.o(i.TIM_OC4_SetConfig)
    i.UART_DMAAbortOnError                   0x08003be4   Section        0  stm32f4xx_hal_uart.o(i.UART_DMAAbortOnError)
    UART_DMAAbortOnError                     0x08003be5   Thumb Code    20  stm32f4xx_hal_uart.o(i.UART_DMAAbortOnError)
    i.UART_DMAError                          0x08003bf8   Section        0  stm32f4xx_hal_uart.o(i.UART_DMAError)
    UART_DMAError                            0x08003bf9   Thumb Code    80  stm32f4xx_hal_uart.o(i.UART_DMAError)
    i.UART_DMATransmitCplt                   0x08003c48   Section        0  stm32f4xx_hal_uart.o(i.UART_DMATransmitCplt)
    UART_DMATransmitCplt                     0x08003c49   Thumb Code    54  stm32f4xx_hal_uart.o(i.UART_DMATransmitCplt)
    i.UART_DMATxHalfCplt                     0x08003c7e   Section        0  stm32f4xx_hal_uart.o(i.UART_DMATxHalfCplt)
    UART_DMATxHalfCplt                       0x08003c7f   Thumb Code    14  stm32f4xx_hal_uart.o(i.UART_DMATxHalfCplt)
    i.UART_EndRxTransfer                     0x08003c8c   Section        0  stm32f4xx_hal_uart.o(i.UART_EndRxTransfer)
    UART_EndRxTransfer                       0x08003c8d   Thumb Code    32  stm32f4xx_hal_uart.o(i.UART_EndRxTransfer)
    i.UART_EndTransmit_IT                    0x08003cac   Section        0  stm32f4xx_hal_uart.o(i.UART_EndTransmit_IT)
    UART_EndTransmit_IT                      0x08003cad   Thumb Code    32  stm32f4xx_hal_uart.o(i.UART_EndTransmit_IT)
    i.UART_EndTxTransfer                     0x08003ccc   Section        0  stm32f4xx_hal_uart.o(i.UART_EndTxTransfer)
    UART_EndTxTransfer                       0x08003ccd   Thumb Code    20  stm32f4xx_hal_uart.o(i.UART_EndTxTransfer)
    i.UART_Receive_IT                        0x08003ce0   Section        0  stm32f4xx_hal_uart.o(i.UART_Receive_IT)
    UART_Receive_IT                          0x08003ce1   Thumb Code   154  stm32f4xx_hal_uart.o(i.UART_Receive_IT)
    i.UART_SetConfig                         0x08003d7c   Section        0  stm32f4xx_hal_uart.o(i.UART_SetConfig)
    UART_SetConfig                           0x08003d7d   Thumb Code   864  stm32f4xx_hal_uart.o(i.UART_SetConfig)
    i.UART_Transmit_IT                       0x080040e4   Section        0  stm32f4xx_hal_uart.o(i.UART_Transmit_IT)
    UART_Transmit_IT                         0x080040e5   Thumb Code   104  stm32f4xx_hal_uart.o(i.UART_Transmit_IT)
    i.USART2_CONFIG                          0x0800414c   Section        0  io_config.o(i.USART2_CONFIG)
    i.USART2_GPIO_CONFIG                     0x080041d0   Section        0  io_config.o(i.USART2_GPIO_CONFIG)
    i.USART2_IRQHandler                      0x08004230   Section        0  stm32f4xx_it.o(i.USART2_IRQHandler)
    i.USART3_CONFIG                          0x08004240   Section        0  io_config.o(i.USART3_CONFIG)
    i.USART3_GPIO_CONFIG                     0x08004394   Section        0  io_config.o(i.USART3_GPIO_CONFIG)
    i.USART3_IRQHandler                      0x080043f4   Section        0  stm32f4xx_it.o(i.USART3_IRQHandler)
    i.UsageFault_Handler                     0x08004404   Section        0  stm32f4xx_it.o(i.UsageFault_Handler)
    i.__0sprintf$8                           0x08004408   Section        0  printf8.o(i.__0sprintf$8)
    i.__NVIC_GetPriorityGrouping             0x08004430   Section        0  stm32f4xx_hal_cortex.o(i.__NVIC_GetPriorityGrouping)
    __NVIC_GetPriorityGrouping               0x08004431   Thumb Code    10  stm32f4xx_hal_cortex.o(i.__NVIC_GetPriorityGrouping)
    i.__NVIC_SetPriority                     0x08004440   Section        0  stm32f4xx_hal_cortex.o(i.__NVIC_SetPriority)
    __NVIC_SetPriority                       0x08004441   Thumb Code    32  stm32f4xx_hal_cortex.o(i.__NVIC_SetPriority)
    i.__NVIC_SystemReset                     0x08004468   Section        0  flash.o(i.__NVIC_SystemReset)
    __NVIC_SystemReset                       0x08004469   Thumb Code    56  flash.o(i.__NVIC_SystemReset)
    i.__scatterload_copy                     0x080044a8   Section       14  handlers.o(i.__scatterload_copy)
    i.__scatterload_null                     0x080044b6   Section        2  handlers.o(i.__scatterload_null)
    i.__scatterload_zeroinit                 0x080044b8   Section       14  handlers.o(i.__scatterload_zeroinit)
    i._printf_core                           0x080044c8   Section        0  printf8.o(i._printf_core)
    _printf_core                             0x080044c9   Thumb Code   996  printf8.o(i._printf_core)
    i._printf_post_padding                   0x080048d8   Section        0  printf8.o(i._printf_post_padding)
    _printf_post_padding                     0x080048d9   Thumb Code    36  printf8.o(i._printf_post_padding)
    i._printf_pre_padding                    0x080048fc   Section        0  printf8.o(i._printf_pre_padding)
    _printf_pre_padding                      0x080048fd   Thumb Code    46  printf8.o(i._printf_pre_padding)
    i._sputc                                 0x0800492a   Section        0  printf8.o(i._sputc)
    _sputc                                   0x0800492b   Thumb Code    10  printf8.o(i._sputc)
    i.averageFloatArray                      0x08004934   Section        0  general_purpose_func.o(i.averageFloatArray)
    i.beatHeart                              0x0800496c   Section        0  io_read_write.o(i.beatHeart)
    i.bootModeControl                        0x08004980   Section        0  flash.o(i.bootModeControl)
    i.copyArray                              0x08004ad8   Section        0  general_purpose_func.o(i.copyArray)
    i.copyChar                               0x08004af0   Section        0  general_purpose_func.o(i.copyChar)
    i.currentCalculation                     0x08004b08   Section        0  io_read_write.o(i.currentCalculation)
    i.enableClutch                           0x08004b80   Section        0  io_read_write.o(i.enableClutch)
    i.encoder_start                          0x08004b94   Section        0  motor.o(i.encoder_start)
    i.main                                   0x08004de8   Section        0  main.o(i.main)
    i.malloc                                 0x08004ecc   Section        0  malloc.o(i.malloc)
    i.map1000                                0x08004f38   Section        0  general_purpose_func.o(i.map1000)
    i.mesaj_dogrulama                        0x08004f80   Section        0  can.o(i.mesaj_dogrulama)
    i.motor_stabilize_deneme                 0x080050a0   Section        0  motor.o(i.motor_stabilize_deneme)
    i.motor_sur_deneme                       0x08005944   Section        0  motor.o(i.motor_sur_deneme)
    i.parse_CAN_message                      0x0800596c   Section        0  can.o(i.parse_CAN_message)
    i.sendBootloaderResponse                 0x08005a40   Section        0  flash.o(i.sendBootloaderResponse)
    i.set_motor_direction_of_rotation        0x08005a84   Section        0  motor.o(i.set_motor_direction_of_rotation)
    i.shiftFloatArray                        0x08005af0   Section        0  general_purpose_func.o(i.shiftFloatArray)
    i.shiftIntArray                          0x08005b1c   Section        0  general_purpose_func.o(i.shiftIntArray)
    i.stringMessageToByteArray               0x08005b38   Section        0  flash.o(i.stringMessageToByteArray)
    i.stringToHex                            0x08005bdc   Section        0  flash.o(i.stringToHex)
    i.updateUSART2Write                      0x08005c20   Section        0  usart_2.o(i.updateUSART2Write)
    i.updateUSART3Write                      0x08005c48   Section        0  usart_3.o(i.updateUSART3Write)
    i.zeroChar                               0x08005c70   Section        0  general_purpose_func.o(i.zeroChar)
    .constdata                               0x08005c84   Section       24  system_stm32f4xx.o(.constdata)
    .constdata                               0x08005c9c   Section        8  stm32f4xx_hal_dma.o(.constdata)
    flagBitshiftOffset                       0x08005c9c   Data           8  stm32f4xx_hal_dma.o(.constdata)
    .constdata                               0x08005ca4   Section       64  ctype_c.o(.constdata)
    .data                                    0x20000000   Section        4  system_stm32f4xx.o(.data)
    .data                                    0x20000004   Section       18  stm32f4xx_it.o(.data)
    .data                                    0x20000018   Section        8  main.o(.data)
    .data                                    0x20000020   Section       10  io_config.o(.data)
    .data                                    0x2000002c   Section       80  io_pin.o(.data)
    .data                                    0x2000007c   Section        8  io_read_write.o(.data)
    .data                                    0x20000084   Section       40  can.o(.data)
    .data                                    0x200000ac   Section       86  motor.o(.data)
    .data                                    0x20000104   Section        9  stm32f4xx_hal.o(.data)
    .data                                    0x20000110   Section        4  mvars.o(.data)
    .data                                    0x20000114   Section        4  mvars.o(.data)
    .bss                                     0x20000118   Section      884  io_config.o(.bss)
    hdma_adc                                 0x2000030c   Data          96  io_config.o(.bss)
    hdma_adc                                 0x2000036c   Data          96  io_config.o(.bss)
    hdma_usart_rx                            0x200003cc   Data          96  io_config.o(.bss)
    hdma_usart_tx                            0x2000042c   Data          96  io_config.o(.bss)
    .bss                                     0x2000048c   Section       68  io_pin.o(.bss)
    .bss                                     0x200004d0   Section      412  io_read_write.o(.bss)
    .bss                                     0x2000066c   Section       64  usart_2.o(.bss)
    .bss                                     0x200006ac   Section     2356  can.o(.bss)
    HEAP                                     0x20000fe0   Section      512  startup_stm32f407xx.o(HEAP)
    STACK                                    0x200011e0   Section     1024  startup_stm32f407xx.o(STACK)

    Global Symbols

    Symbol Name                              Value     Ov Type        Size  Object(Section)

    BuildAttributes$$THM_ISAv4$E$P$D$K$B$S$7EM$VFPi3$EXTD16$VFPS$VFMA$PE$A:L22UL41UL21$X:L11$S22US41US21$IEEE1$IW$USESV6$~STKCKD$USESV7$~SHL$OTIME$ROPI$EBA8$MICROLIB$REQ8$PRES8$EABIv2 0x00000000   Number         0  anon$$obj.o ABSOLUTE
    __ARM_use_no_argv                        0x00000000   Number         0  main.o ABSOLUTE
    _printf_a                                0x00000000   Number         0  stubs.o ABSOLUTE
    _printf_c                                0x00000000   Number         0  stubs.o ABSOLUTE
    _printf_charcount                        0x00000000   Number         0  stubs.o ABSOLUTE
    _printf_d                                0x00000000   Number         0  stubs.o ABSOLUTE
    _printf_e                                0x00000000   Number         0  stubs.o ABSOLUTE
    _printf_f                                0x00000000   Number         0  stubs.o ABSOLUTE
    _printf_flags                            0x00000000   Number         0  stubs.o ABSOLUTE
    _printf_fp_dec                           0x00000000   Number         0  stubs.o ABSOLUTE
    _printf_fp_hex                           0x00000000   Number         0  stubs.o ABSOLUTE
    _printf_g                                0x00000000   Number         0  stubs.o ABSOLUTE
    _printf_i                                0x00000000   Number         0  stubs.o ABSOLUTE
    _printf_int_dec                          0x00000000   Number         0  stubs.o ABSOLUTE
    _printf_l                                0x00000000   Number         0  stubs.o ABSOLUTE
    _printf_lc                               0x00000000   Number         0  stubs.o ABSOLUTE
    _printf_ll                               0x00000000   Number         0  stubs.o ABSOLUTE
    _printf_lld                              0x00000000   Number         0  stubs.o ABSOLUTE
    _printf_lli                              0x00000000   Number         0  stubs.o ABSOLUTE
    _printf_llo                              0x00000000   Number         0  stubs.o ABSOLUTE
    _printf_llu                              0x00000000   Number         0  stubs.o ABSOLUTE
    _printf_llx                              0x00000000   Number         0  stubs.o ABSOLUTE
    _printf_longlong_dec                     0x00000000   Number         0  stubs.o ABSOLUTE
    _printf_longlong_hex                     0x00000000   Number         0  stubs.o ABSOLUTE
    _printf_longlong_oct                     0x00000000   Number         0  stubs.o ABSOLUTE
    _printf_ls                               0x00000000   Number         0  stubs.o ABSOLUTE
    _printf_mbtowc                           0x00000000   Number         0  stubs.o ABSOLUTE
    _printf_n                                0x00000000   Number         0  stubs.o ABSOLUTE
    _printf_o                                0x00000000   Number         0  stubs.o ABSOLUTE
    _printf_p                                0x00000000   Number         0  stubs.o ABSOLUTE
    _printf_percent                          0x00000000   Number         0  stubs.o ABSOLUTE
    _printf_pre_padding                      0x00000000   Number         0  stubs.o ABSOLUTE
    _printf_return_value                     0x00000000   Number         0  stubs.o ABSOLUTE
    _printf_s                                0x00000000   Number         0  stubs.o ABSOLUTE
    _printf_sizespec                         0x00000000   Number         0  stubs.o ABSOLUTE
    _printf_str                              0x00000000   Number         0  stubs.o ABSOLUTE
    _printf_truncate_signed                  0x00000000   Number         0  stubs.o ABSOLUTE
    _printf_truncate_unsigned                0x00000000   Number         0  stubs.o ABSOLUTE
    _printf_u                                0x00000000   Number         0  stubs.o ABSOLUTE
    _printf_wc                               0x00000000   Number         0  stubs.o ABSOLUTE
    _printf_wctomb                           0x00000000   Number         0  stubs.o ABSOLUTE
    _printf_widthprec                        0x00000000   Number         0  stubs.o ABSOLUTE
    _printf_x                                0x00000000   Number         0  stubs.o ABSOLUTE
    __cpp_initialize__aeabi_                  - Undefined Weak Reference
    __cxa_finalize                            - Undefined Weak Reference
    __decompress                              - Undefined Weak Reference
    _clock_init                               - Undefined Weak Reference
    _microlib_exit                            - Undefined Weak Reference
    _scanf_longlong                           - Undefined Weak Reference
    _scanf_real                               - Undefined Weak Reference
    _scanf_string                             - Undefined Weak Reference
    __Vectors_Size                           0x00000188   Number         0  startup_stm32f407xx.o ABSOLUTE
    __Vectors                                0x08000000   Data           4  startup_stm32f407xx.o(RESET)
    __Vectors_End                            0x08000188   Data           0  startup_stm32f407xx.o(RESET)
    __main                                   0x08000189   Thumb Code     0  entry.o(.ARM.Collect$$$$00000000)
    _main_stk                                0x08000189   Thumb Code     0  entry2.o(.ARM.Collect$$$$00000001)
    _main_scatterload                        0x0800018d   Thumb Code     0  entry5.o(.ARM.Collect$$$$00000004)
    __main_after_scatterload                 0x08000191   Thumb Code     0  entry5.o(.ARM.Collect$$$$00000004)
    _main_clock                              0x08000191   Thumb Code     0  entry7b.o(.ARM.Collect$$$$00000008)
    _main_cpp_init                           0x08000191   Thumb Code     0  entry8b.o(.ARM.Collect$$$$0000000A)
    _main_init                               0x08000191   Thumb Code     0  entry9a.o(.ARM.Collect$$$$0000000B)
    __rt_final_cpp                           0x08000199   Thumb Code     0  entry10a.o(.ARM.Collect$$$$0000000D)
    __rt_final_exit                          0x08000199   Thumb Code     0  entry11a.o(.ARM.Collect$$$$0000000F)
    Reset_Handler                            0x0800019d   Thumb Code     8  startup_stm32f407xx.o(.text)
    ADC_IRQHandler                           0x080001b7   Thumb Code     0  startup_stm32f407xx.o(.text)
    CAN1_RX1_IRQHandler                      0x080001b7   Thumb Code     0  startup_stm32f407xx.o(.text)
    CAN1_SCE_IRQHandler                      0x080001b7   Thumb Code     0  startup_stm32f407xx.o(.text)
    CAN1_TX_IRQHandler                       0x080001b7   Thumb Code     0  startup_stm32f407xx.o(.text)
    CAN2_RX0_IRQHandler                      0x080001b7   Thumb Code     0  startup_stm32f407xx.o(.text)
    CAN2_RX1_IRQHandler                      0x080001b7   Thumb Code     0  startup_stm32f407xx.o(.text)
    CAN2_SCE_IRQHandler                      0x080001b7   Thumb Code     0  startup_stm32f407xx.o(.text)
    CAN2_TX_IRQHandler                       0x080001b7   Thumb Code     0  startup_stm32f407xx.o(.text)
    DCMI_IRQHandler                          0x080001b7   Thumb Code     0  startup_stm32f407xx.o(.text)
    DMA1_Stream0_IRQHandler                  0x080001b7   Thumb Code     0  startup_stm32f407xx.o(.text)
    DMA1_Stream2_IRQHandler                  0x080001b7   Thumb Code     0  startup_stm32f407xx.o(.text)
    DMA1_Stream4_IRQHandler                  0x080001b7   Thumb Code     0  startup_stm32f407xx.o(.text)
    DMA1_Stream5_IRQHandler                  0x080001b7   Thumb Code     0  startup_stm32f407xx.o(.text)
    DMA1_Stream6_IRQHandler                  0x080001b7   Thumb Code     0  startup_stm32f407xx.o(.text)
    DMA1_Stream7_IRQHandler                  0x080001b7   Thumb Code     0  startup_stm32f407xx.o(.text)
    DMA2_Stream1_IRQHandler                  0x080001b7   Thumb Code     0  startup_stm32f407xx.o(.text)
    DMA2_Stream2_IRQHandler                  0x080001b7   Thumb Code     0  startup_stm32f407xx.o(.text)
    DMA2_Stream3_IRQHandler                  0x080001b7   Thumb Code     0  startup_stm32f407xx.o(.text)
    DMA2_Stream4_IRQHandler                  0x080001b7   Thumb Code     0  startup_stm32f407xx.o(.text)
    DMA2_Stream5_IRQHandler                  0x080001b7   Thumb Code     0  startup_stm32f407xx.o(.text)
    DMA2_Stream6_IRQHandler                  0x080001b7   Thumb Code     0  startup_stm32f407xx.o(.text)
    ETH_IRQHandler                           0x080001b7   Thumb Code     0  startup_stm32f407xx.o(.text)
    ETH_WKUP_IRQHandler                      0x080001b7   Thumb Code     0  startup_stm32f407xx.o(.text)
    EXTI0_IRQHandler                         0x080001b7   Thumb Code     0  startup_stm32f407xx.o(.text)
    EXTI15_10_IRQHandler                     0x080001b7   Thumb Code     0  startup_stm32f407xx.o(.text)
    EXTI1_IRQHandler                         0x080001b7   Thumb Code     0  startup_stm32f407xx.o(.text)
    EXTI2_IRQHandler                         0x080001b7   Thumb Code     0  startup_stm32f407xx.o(.text)
    EXTI3_IRQHandler                         0x080001b7   Thumb Code     0  startup_stm32f407xx.o(.text)
    EXTI4_IRQHandler                         0x080001b7   Thumb Code     0  startup_stm32f407xx.o(.text)
    EXTI9_5_IRQHandler                       0x080001b7   Thumb Code     0  startup_stm32f407xx.o(.text)
    FLASH_IRQHandler                         0x080001b7   Thumb Code     0  startup_stm32f407xx.o(.text)
    FMC_IRQHandler                           0x080001b7   Thumb Code     0  startup_stm32f407xx.o(.text)
    FPU_IRQHandler                           0x080001b7   Thumb Code     0  startup_stm32f407xx.o(.text)
    HASH_RNG_IRQHandler                      0x080001b7   Thumb Code     0  startup_stm32f407xx.o(.text)
    I2C1_ER_IRQHandler                       0x080001b7   Thumb Code     0  startup_stm32f407xx.o(.text)
    I2C1_EV_IRQHandler                       0x080001b7   Thumb Code     0  startup_stm32f407xx.o(.text)
    I2C2_ER_IRQHandler                       0x080001b7   Thumb Code     0  startup_stm32f407xx.o(.text)
    I2C2_EV_IRQHandler                       0x080001b7   Thumb Code     0  startup_stm32f407xx.o(.text)
    I2C3_ER_IRQHandler                       0x080001b7   Thumb Code     0  startup_stm32f407xx.o(.text)
    I2C3_EV_IRQHandler                       0x080001b7   Thumb Code     0  startup_stm32f407xx.o(.text)
    OTG_FS_IRQHandler                        0x080001b7   Thumb Code     0  startup_stm32f407xx.o(.text)
    OTG_FS_WKUP_IRQHandler                   0x080001b7   Thumb Code     0  startup_stm32f407xx.o(.text)
    OTG_HS_EP1_IN_IRQHandler                 0x080001b7   Thumb Code     0  startup_stm32f407xx.o(.text)
    OTG_HS_EP1_OUT_IRQHandler                0x080001b7   Thumb Code     0  startup_stm32f407xx.o(.text)
    OTG_HS_IRQHandler                        0x080001b7   Thumb Code     0  startup_stm32f407xx.o(.text)
    OTG_HS_WKUP_IRQHandler                   0x080001b7   Thumb Code     0  startup_stm32f407xx.o(.text)
    PVD_IRQHandler                           0x080001b7   Thumb Code     0  startup_stm32f407xx.o(.text)
    RCC_IRQHandler                           0x080001b7   Thumb Code     0  startup_stm32f407xx.o(.text)
    RTC_Alarm_IRQHandler                     0x080001b7   Thumb Code     0  startup_stm32f407xx.o(.text)
    RTC_WKUP_IRQHandler                      0x080001b7   Thumb Code     0  startup_stm32f407xx.o(.text)
    SDIO_IRQHandler                          0x080001b7   Thumb Code     0  startup_stm32f407xx.o(.text)
    SPI1_IRQHandler                          0x080001b7   Thumb Code     0  startup_stm32f407xx.o(.text)
    SPI2_IRQHandler                          0x080001b7   Thumb Code     0  startup_stm32f407xx.o(.text)
    SPI3_IRQHandler                          0x080001b7   Thumb Code     0  startup_stm32f407xx.o(.text)
    TAMP_STAMP_IRQHandler                    0x080001b7   Thumb Code     0  startup_stm32f407xx.o(.text)
    TIM1_BRK_TIM9_IRQHandler                 0x080001b7   Thumb Code     0  startup_stm32f407xx.o(.text)
    TIM1_CC_IRQHandler                       0x080001b7   Thumb Code     0  startup_stm32f407xx.o(.text)
    TIM1_TRG_COM_TIM11_IRQHandler            0x080001b7   Thumb Code     0  startup_stm32f407xx.o(.text)
    TIM1_UP_TIM10_IRQHandler                 0x080001b7   Thumb Code     0  startup_stm32f407xx.o(.text)
    TIM2_IRQHandler                          0x080001b7   Thumb Code     0  startup_stm32f407xx.o(.text)
    TIM3_IRQHandler                          0x080001b7   Thumb Code     0  startup_stm32f407xx.o(.text)
    TIM4_IRQHandler                          0x080001b7   Thumb Code     0  startup_stm32f407xx.o(.text)
    TIM5_IRQHandler                          0x080001b7   Thumb Code     0  startup_stm32f407xx.o(.text)
    TIM6_DAC_IRQHandler                      0x080001b7   Thumb Code     0  startup_stm32f407xx.o(.text)
    TIM7_IRQHandler                          0x080001b7   Thumb Code     0  startup_stm32f407xx.o(.text)
    TIM8_BRK_TIM12_IRQHandler                0x080001b7   Thumb Code     0  startup_stm32f407xx.o(.text)
    TIM8_CC_IRQHandler                       0x080001b7   Thumb Code     0  startup_stm32f407xx.o(.text)
    TIM8_TRG_COM_TIM14_IRQHandler            0x080001b7   Thumb Code     0  startup_stm32f407xx.o(.text)
    TIM8_UP_TIM13_IRQHandler                 0x080001b7   Thumb Code     0  startup_stm32f407xx.o(.text)
    UART4_IRQHandler                         0x080001b7   Thumb Code     0  startup_stm32f407xx.o(.text)
    UART5_IRQHandler                         0x080001b7   Thumb Code     0  startup_stm32f407xx.o(.text)
    USART1_IRQHandler                        0x080001b7   Thumb Code     0  startup_stm32f407xx.o(.text)
    USART6_IRQHandler                        0x080001b7   Thumb Code     0  startup_stm32f407xx.o(.text)
    WWDG_IRQHandler                          0x080001b7   Thumb Code     0  startup_stm32f407xx.o(.text)
    __aeabi_uldivmod                         0x080001c1   Thumb Code    98  uldiv.o(.text)
    strstr                                   0x08000223   Thumb Code    36  strstr.o(.text)
    strcmp                                   0x08000247   Thumb Code    28  strcmp.o(.text)
    __0sscanf                                0x08000265   Thumb Code    48  __0sscanf.o(.text)
    _scanf_int                               0x0800029d   Thumb Code   332  _scanf_int.o(.text)
    __aeabi_dadd                             0x080003e9   Thumb Code   322  dadd.o(.text)
    __aeabi_dsub                             0x0800052b   Thumb Code     6  dadd.o(.text)
    __aeabi_drsub                            0x08000531   Thumb Code     6  dadd.o(.text)
    __aeabi_dmul                             0x08000537   Thumb Code   228  dmul.o(.text)
    __aeabi_ddiv                             0x0800061b   Thumb Code   222  ddiv.o(.text)
    __aeabi_i2d                              0x080006f9   Thumb Code    34  dflti.o(.text)
    __aeabi_ui2d                             0x0800071b   Thumb Code    26  dfltui.o(.text)
    __aeabi_d2iz                             0x08000735   Thumb Code    62  dfixi.o(.text)
    __aeabi_d2f                              0x08000773   Thumb Code    56  d2f.o(.text)
    __aeabi_llsl                             0x080007ab   Thumb Code    30  llshl.o(.text)
    _ll_shift_l                              0x080007ab   Thumb Code     0  llshl.o(.text)
    __aeabi_llsr                             0x080007c9   Thumb Code    32  llushr.o(.text)
    _ll_ushift_r                             0x080007c9   Thumb Code     0  llushr.o(.text)
    __aeabi_lasr                             0x080007e9   Thumb Code    36  llsshr.o(.text)
    _ll_sshift_r                             0x080007e9   Thumb Code     0  llsshr.o(.text)
    _chval                                   0x0800080d   Thumb Code    28  _chval.o(.text)
    __vfscanf_char                           0x08000835   Thumb Code    20  scanf_char.o(.text)
    _sgetc                                   0x08000851   Thumb Code    30  _sgetc.o(.text)
    _sbackspace                              0x0800086f   Thumb Code    34  _sgetc.o(.text)
    __I$use$fp                               0x08000891   Thumb Code     0  iusefp.o(.text)
    _float_round                             0x08000891   Thumb Code    18  fepilogue.o(.text)
    _float_epilogue                          0x080008a3   Thumb Code    92  fepilogue.o(.text)
    _double_round                            0x080008ff   Thumb Code    30  depilogue.o(.text)
    _double_epilogue                         0x0800091d   Thumb Code   156  depilogue.o(.text)
    __scatterload                            0x080009b9   Thumb Code    28  init.o(.text)
    __scatterload_rt2                        0x080009b9   Thumb Code     0  init.o(.text)
    isspace                                  0x080009dd   Thumb Code    10  isspace_c.o(.text)
    __vfscanf                                0x080009e9   Thumb Code   808  _scanf.o(.text)
    __ctype_lookup                           0x08000d15   Thumb Code    34  ctype_c.o(.text)
    ADC_CHANNEL_CONFIG                       0x08000d3d   Thumb Code    38  io_config.o(i.ADC_CHANNEL_CONFIG)
    ADC_DMA_CONFIG                           0x08000df9   Thumb Code   100  io_config.o(i.ADC_DMA_CONFIG)
    BusFault_Handler                         0x08000fc5   Thumb Code     4  stm32f4xx_it.o(i.BusFault_Handler)
    CAN1_CONFIG                              0x08000fc9   Thumb Code   280  io_config.o(i.CAN1_CONFIG)
    CAN1_RX                                  0x080010f1   Thumb Code    44  can.o(i.CAN1_RX)
    CAN1_RX0_IRQHandler                      0x08001121   Thumb Code    10  stm32f4xx_it.o(i.CAN1_RX0_IRQHandler)
    CAN1_RX8Bayt                             0x08001131   Thumb Code    44  can.o(i.CAN1_RX8Bayt)
    CREATE_ANALOG_PIN                        0x08001165   Thumb Code    12  io_pin.o(i.CREATE_ANALOG_PIN)
    CREATE_CAN_PIN                           0x08001179   Thumb Code    22  io_pin.o(i.CREATE_CAN_PIN)
    CREATE_DIGITAL_PIN                       0x0800119d   Thumb Code    46  io_pin.o(i.CREATE_DIGITAL_PIN)
    CREATE_PWM_PIN                           0x080011e9   Thumb Code    12  io_pin.o(i.CREATE_PWM_PIN)
    CREATE_USART_PIN                         0x080011fd   Thumb Code    42  io_pin.o(i.CREATE_USART_PIN)
    DIGITAL_OUT_CONFIG                       0x08001241   Thumb Code   164  io_config.o(i.DIGITAL_OUT_CONFIG)
    DMA1_Stream1_IRQHandler                  0x08001305   Thumb Code    12  stm32f4xx_it.o(i.DMA1_Stream1_IRQHandler)
    DMA1_Stream3_IRQHandler                  0x08001315   Thumb Code    12  stm32f4xx_it.o(i.DMA1_Stream3_IRQHandler)
    DMA2_Stream0_IRQHandler                  0x08001325   Thumb Code    12  stm32f4xx_it.o(i.DMA2_Stream0_IRQHandler)
    DMA2_Stream7_IRQHandler                  0x08001335   Thumb Code    12  stm32f4xx_it.o(i.DMA2_Stream7_IRQHandler)
    DebugMon_Handler                         0x0800144f   Thumb Code     2  stm32f4xx_it.o(i.DebugMon_Handler)
    FIFO_data_dolu_mu                        0x08001451   Thumb Code    18  can.o(i.FIFO_data_dolu_mu)
    FIFO_data_var_mi                         0x08001469   Thumb Code    16  can.o(i.FIFO_data_var_mi)
    FIFO_pull                                0x0800147d   Thumb Code    66  can.o(i.FIFO_pull)
    FIFO_push                                0x080014cd   Thumb Code    66  can.o(i.FIFO_push)
    HAL_ADC_ConfigChannel                    0x0800151d   Thumb Code   380  stm32f4xx_hal_adc.o(i.HAL_ADC_ConfigChannel)
    HAL_ADC_ConvCpltCallback                 0x080016a9   Thumb Code     2  main.o(i.HAL_ADC_ConvCpltCallback)
    HAL_ADC_ConvHalfCpltCallback             0x080016ab   Thumb Code     2  stm32f4xx_hal_adc.o(i.HAL_ADC_ConvHalfCpltCallback)
    HAL_ADC_ErrorCallback                    0x080016ad   Thumb Code     2  stm32f4xx_hal_adc.o(i.HAL_ADC_ErrorCallback)
    HAL_ADC_Init                             0x080016b1   Thumb Code   100  stm32f4xx_hal_adc.o(i.HAL_ADC_Init)
    HAL_ADC_MspInit                          0x08001719   Thumb Code   446  io_config.o(i.HAL_ADC_MspInit)
    HAL_ADC_Start_DMA                        0x080018f9   Thumb Code   300  stm32f4xx_hal_adc.o(i.HAL_ADC_Start_DMA)
    HAL_CAN_ActivateNotification             0x08001a41   Thumb Code    44  stm32f4xx_hal_can.o(i.HAL_CAN_ActivateNotification)
    HAL_CAN_AddTxMessage                     0x08001a6d   Thumb Code   298  stm32f4xx_hal_can.o(i.HAL_CAN_AddTxMessage)
    HAL_CAN_ConfigFilter                     0x08001b99   Thumb Code   288  stm32f4xx_hal_can.o(i.HAL_CAN_ConfigFilter)
    HAL_CAN_ErrorCallback                    0x08001cbd   Thumb Code     2  stm32f4xx_hal_can.o(i.HAL_CAN_ErrorCallback)
    HAL_CAN_GetRxMessage                     0x08001cbf   Thumb Code   392  stm32f4xx_hal_can.o(i.HAL_CAN_GetRxMessage)
    HAL_CAN_IRQHandler                       0x08001e47   Thumb Code   590  stm32f4xx_hal_can.o(i.HAL_CAN_IRQHandler)
    HAL_CAN_Init                             0x08002095   Thumb Code   374  stm32f4xx_hal_can.o(i.HAL_CAN_Init)
    HAL_CAN_MspInit                          0x0800220b   Thumb Code     2  stm32f4xx_hal_can.o(i.HAL_CAN_MspInit)
    HAL_CAN_RxFifo0FullCallback              0x0800220d   Thumb Code     2  stm32f4xx_hal_can.o(i.HAL_CAN_RxFifo0FullCallback)
    HAL_CAN_RxFifo0MsgPendingCallback        0x08002211   Thumb Code    34  can.o(i.HAL_CAN_RxFifo0MsgPendingCallback)
    HAL_CAN_RxFifo1FullCallback              0x08002241   Thumb Code     2  stm32f4xx_hal_can.o(i.HAL_CAN_RxFifo1FullCallback)
    HAL_CAN_RxFifo1MsgPendingCallback        0x08002243   Thumb Code     2  stm32f4xx_hal_can.o(i.HAL_CAN_RxFifo1MsgPendingCallback)
    HAL_CAN_SleepCallback                    0x08002245   Thumb Code     2  stm32f4xx_hal_can.o(i.HAL_CAN_SleepCallback)
    HAL_CAN_Start                            0x08002247   Thumb Code    96  stm32f4xx_hal_can.o(i.HAL_CAN_Start)
    HAL_CAN_TxMailbox0AbortCallback          0x080022a7   Thumb Code     2  stm32f4xx_hal_can.o(i.HAL_CAN_TxMailbox0AbortCallback)
    HAL_CAN_TxMailbox0CompleteCallback       0x080022a9   Thumb Code     2  stm32f4xx_hal_can.o(i.HAL_CAN_TxMailbox0CompleteCallback)
    HAL_CAN_TxMailbox1AbortCallback          0x080022ab   Thumb Code     2  stm32f4xx_hal_can.o(i.HAL_CAN_TxMailbox1AbortCallback)
    HAL_CAN_TxMailbox1CompleteCallback       0x080022ad   Thumb Code     2  stm32f4xx_hal_can.o(i.HAL_CAN_TxMailbox1CompleteCallback)
    HAL_CAN_TxMailbox2AbortCallback          0x080022af   Thumb Code     2  stm32f4xx_hal_can.o(i.HAL_CAN_TxMailbox2AbortCallback)
    HAL_CAN_TxMailbox2CompleteCallback       0x080022b1   Thumb Code     2  stm32f4xx_hal_can.o(i.HAL_CAN_TxMailbox2CompleteCallback)
    HAL_CAN_WakeUpFromRxMsgCallback          0x080022b3   Thumb Code     2  stm32f4xx_hal_can.o(i.HAL_CAN_WakeUpFromRxMsgCallback)
    HAL_DMA_Abort_IT                         0x080022b5   Thumb Code    40  stm32f4xx_hal_dma.o(i.HAL_DMA_Abort_IT)
    HAL_DMA_IRQHandler                       0x080022dd   Thumb Code   570  stm32f4xx_hal_dma.o(i.HAL_DMA_IRQHandler)
    HAL_DMA_Init                             0x0800251d   Thumb Code   232  stm32f4xx_hal_dma.o(i.HAL_DMA_Init)
    HAL_DMA_Start_IT                         0x08002609   Thumb Code   158  stm32f4xx_hal_dma.o(i.HAL_DMA_Start_IT)
    HAL_GPIO_Init                            0x080026a9   Thumb Code   466  stm32f4xx_hal_gpio.o(i.HAL_GPIO_Init)
    HAL_GPIO_TogglePin                       0x080028a9   Thumb Code     8  stm32f4xx_hal_gpio.o(i.HAL_GPIO_TogglePin)
    HAL_GPIO_WritePin                        0x080028b1   Thumb Code    12  stm32f4xx_hal_gpio.o(i.HAL_GPIO_WritePin)
    HAL_GetREVID                             0x080028bd   Thumb Code     8  stm32f4xx_hal.o(i.HAL_GetREVID)
    HAL_GetTick                              0x080028c9   Thumb Code     6  stm32f4xx_hal.o(i.HAL_GetTick)
    HAL_IncTick                              0x080028d5   Thumb Code    16  stm32f4xx_hal.o(i.HAL_IncTick)
    HAL_Init                                 0x080028ed   Thumb Code    38  stm32f4xx_hal.o(i.HAL_Init)
    HAL_InitTick                             0x08002919   Thumb Code    64  stm32f4xx_hal.o(i.HAL_InitTick)
    HAL_MspInit                              0x08002965   Thumb Code     2  stm32f4xx_hal.o(i.HAL_MspInit)
    HAL_NVIC_EnableIRQ                       0x08002967   Thumb Code    32  stm32f4xx_hal_cortex.o(i.HAL_NVIC_EnableIRQ)
    HAL_NVIC_SetPriority                     0x08002987   Thumb Code   124  stm32f4xx_hal_cortex.o(i.HAL_NVIC_SetPriority)
    HAL_NVIC_SetPriorityGrouping             0x08002a05   Thumb Code    32  stm32f4xx_hal_cortex.o(i.HAL_NVIC_SetPriorityGrouping)
    HAL_RCC_ClockConfig                      0x08002a2d   Thumb Code   366  stm32f4xx_hal_rcc.o(i.HAL_RCC_ClockConfig)
    HAL_RCC_GetHCLKFreq                      0x08002bad   Thumb Code     6  stm32f4xx_hal_rcc.o(i.HAL_RCC_GetHCLKFreq)
    HAL_RCC_GetPCLK1Freq                     0x08002bb9   Thumb Code    22  stm32f4xx_hal_rcc.o(i.HAL_RCC_GetPCLK1Freq)
    HAL_RCC_GetPCLK2Freq                     0x08002bd9   Thumb Code    22  stm32f4xx_hal_rcc.o(i.HAL_RCC_GetPCLK2Freq)
    HAL_RCC_GetSysClockFreq                  0x08002bf9   Thumb Code   162  stm32f4xx_hal_rcc.o(i.HAL_RCC_GetSysClockFreq)
    HAL_RCC_OscConfig                        0x08002ca9   Thumb Code  1086  stm32f4xx_hal_rcc.o(i.HAL_RCC_OscConfig)
    HAL_SYSTICK_Config                       0x080030f1   Thumb Code    52  stm32f4xx_hal_cortex.o(i.HAL_SYSTICK_Config)
    HAL_TIM_Base_Init                        0x08003125   Thumb Code    52  stm32f4xx_hal_tim.o(i.HAL_TIM_Base_Init)
    HAL_TIM_Base_MspInit                     0x08003159   Thumb Code     2  stm32f4xx_hal_tim.o(i.HAL_TIM_Base_MspInit)
    HAL_TIM_OC_Init                          0x0800315b   Thumb Code    52  stm32f4xx_hal_tim.o(i.HAL_TIM_OC_Init)
    HAL_TIM_OC_MspInit                       0x0800318f   Thumb Code     2  stm32f4xx_hal_tim.o(i.HAL_TIM_OC_MspInit)
    HAL_TIM_PWM_ConfigChannel                0x08003191   Thumb Code   264  stm32f4xx_hal_tim.o(i.HAL_TIM_PWM_ConfigChannel)
    HAL_TIM_PWM_Start                        0x08003299   Thumb Code    68  stm32f4xx_hal_tim.o(i.HAL_TIM_PWM_Start)
    HAL_UART_ErrorCallback                   0x080032e5   Thumb Code     2  stm32f4xx_hal_uart.o(i.HAL_UART_ErrorCallback)
    HAL_UART_IRQHandler                      0x080032e9   Thumb Code   326  stm32f4xx_hal_uart.o(i.HAL_UART_IRQHandler)
    HAL_UART_Init                            0x08003435   Thumb Code   114  stm32f4xx_hal_uart.o(i.HAL_UART_Init)
    HAL_UART_MspInit                         0x080034a7   Thumb Code     2  stm32f4xx_hal_uart.o(i.HAL_UART_MspInit)
    HAL_UART_Receive_IT                      0x080034a9   Thumb Code   100  stm32f4xx_hal_uart.o(i.HAL_UART_Receive_IT)
    HAL_UART_RxCpltCallback                  0x0800350d   Thumb Code    24  io_config.o(i.HAL_UART_RxCpltCallback)
    HAL_UART_Transmit_DMA                    0x08003531   Thumb Code   142  stm32f4xx_hal_uart.o(i.HAL_UART_Transmit_DMA)
    HAL_UART_Transmit_IT                     0x080035cd   Thumb Code    88  stm32f4xx_hal_uart.o(i.HAL_UART_Transmit_IT)
    HAL_UART_TxCpltCallback                  0x08003625   Thumb Code     2  io_config.o(i.HAL_UART_TxCpltCallback)
    HAL_UART_TxHalfCpltCallback              0x08003627   Thumb Code     2  stm32f4xx_hal_uart.o(i.HAL_UART_TxHalfCpltCallback)
    HardFault_Handler                        0x08003629   Thumb Code     4  stm32f4xx_it.o(i.HardFault_Handler)
    MemManage_Handler                        0x0800362d   Thumb Code     4  stm32f4xx_it.o(i.MemManage_Handler)
    NMI_Handler                              0x08003631   Thumb Code     2  stm32f4xx_it.o(i.NMI_Handler)
    PWM_CONFIG                               0x08003635   Thumb Code   114  io_config.o(i.PWM_CONFIG)
    PendSV_Handler                           0x080036b5   Thumb Code     2  stm32f4xx_it.o(i.PendSV_Handler)
    ReadAnalogPins                           0x080036b9   Thumb Code    92  io_read_write.o(i.ReadAnalogPins)
    SVC_Handler                              0x08003735   Thumb Code     2  stm32f4xx_it.o(i.SVC_Handler)
    SysTick_Handler                          0x08003739   Thumb Code    94  stm32f4xx_it.o(i.SysTick_Handler)
    SystemInit                               0x08003871   Thumb Code    82  system_stm32f4xx.o(i.SystemInit)
    TIM4_CONFIG                              0x080038d5   Thumb Code    66  io_config.o(i.TIM4_CONFIG)
    TIM_Base_SetConfig                       0x08003925   Thumb Code   184  stm32f4xx_hal_tim.o(i.TIM_Base_SetConfig)
    TIM_CCxChannelCmd                        0x08003a09   Thumb Code    28  stm32f4xx_hal_tim.o(i.TIM_CCxChannelCmd)
    TIM_OC2_SetConfig                        0x08003a95   Thumb Code   112  stm32f4xx_hal_tim.o(i.TIM_OC2_SetConfig)
    USART2_CONFIG                            0x0800414d   Thumb Code   116  io_config.o(i.USART2_CONFIG)
    USART2_GPIO_CONFIG                       0x080041d1   Thumb Code    78  io_config.o(i.USART2_GPIO_CONFIG)
    USART2_IRQHandler                        0x08004231   Thumb Code    10  stm32f4xx_it.o(i.USART2_IRQHandler)
    USART3_CONFIG                            0x08004241   Thumb Code   314  io_config.o(i.USART3_CONFIG)
    USART3_GPIO_CONFIG                       0x08004395   Thumb Code    78  io_config.o(i.USART3_GPIO_CONFIG)
    USART3_IRQHandler                        0x080043f5   Thumb Code    10  stm32f4xx_it.o(i.USART3_IRQHandler)
    UsageFault_Handler                       0x08004405   Thumb Code     4  stm32f4xx_it.o(i.UsageFault_Handler)
    __0sprintf$8                             0x08004409   Thumb Code    34  printf8.o(i.__0sprintf$8)
    __1sprintf$8                             0x08004409   Thumb Code     0  printf8.o(i.__0sprintf$8)
    __2sprintf                               0x08004409   Thumb Code     0  printf8.o(i.__0sprintf$8)
    __scatterload_copy                       0x080044a9   Thumb Code    14  handlers.o(i.__scatterload_copy)
    __scatterload_null                       0x080044b7   Thumb Code     2  handlers.o(i.__scatterload_null)
    __scatterload_zeroinit                   0x080044b9   Thumb Code    14  handlers.o(i.__scatterload_zeroinit)
    averageFloatArray                        0x08004935   Thumb Code    48  general_purpose_func.o(i.averageFloatArray)
    beatHeart                                0x0800496d   Thumb Code    14  io_read_write.o(i.beatHeart)
    bootModeControl                          0x08004981   Thumb Code   158  flash.o(i.bootModeControl)
    copyArray                                0x08004ad9   Thumb Code    24  general_purpose_func.o(i.copyArray)
    copyChar                                 0x08004af1   Thumb Code    24  general_purpose_func.o(i.copyChar)
    currentCalculation                       0x08004b09   Thumb Code    92  io_read_write.o(i.currentCalculation)
    enableClutch                             0x08004b81   Thumb Code    16  io_read_write.o(i.enableClutch)
    encoder_start                            0x08004b95   Thumb Code   524  motor.o(i.encoder_start)
    main                                     0x08004de9   Thumb Code   192  main.o(i.main)
    malloc                                   0x08004ecd   Thumb Code    92  malloc.o(i.malloc)
    map1000                                  0x08004f39   Thumb Code    70  general_purpose_func.o(i.map1000)
    mesaj_dogrulama                          0x08004f81   Thumb Code   264  can.o(i.mesaj_dogrulama)
    motor_stabilize_deneme                   0x080050a1   Thumb Code  2192  motor.o(i.motor_stabilize_deneme)
    motor_sur_deneme                         0x08005945   Thumb Code    34  motor.o(i.motor_sur_deneme)
    parse_CAN_message                        0x0800596d   Thumb Code   184  can.o(i.parse_CAN_message)
    sendBootloaderResponse                   0x08005a41   Thumb Code    60  flash.o(i.sendBootloaderResponse)
    set_motor_direction_of_rotation          0x08005a85   Thumb Code    98  motor.o(i.set_motor_direction_of_rotation)
    shiftFloatArray                          0x08005af1   Thumb Code    40  general_purpose_func.o(i.shiftFloatArray)
    shiftIntArray                            0x08005b1d   Thumb Code    28  general_purpose_func.o(i.shiftIntArray)
    stringMessageToByteArray                 0x08005b39   Thumb Code   152  flash.o(i.stringMessageToByteArray)
    stringToHex                              0x08005bdd   Thumb Code    60  flash.o(i.stringToHex)
    updateUSART2Write                        0x08005c21   Thumb Code    26  usart_2.o(i.updateUSART2Write)
    updateUSART3Write                        0x08005c49   Thumb Code    26  usart_3.o(i.updateUSART3Write)
    zeroChar                                 0x08005c71   Thumb Code    20  general_purpose_func.o(i.zeroChar)
    AHBPrescTable                            0x08005c84   Data          16  system_stm32f4xx.o(.constdata)
    APBPrescTable                            0x08005c94   Data           8  system_stm32f4xx.o(.constdata)
    __ctype_categories                       0x08005ca4   Data          64  ctype_c.o(.constdata)
    Region$$Table$$Base                      0x08005ce4   Number         0  anon$$obj.o(Region$$Table)
    Region$$Table$$Limit                     0x08005d04   Number         0  anon$$obj.o(Region$$Table)
    SystemCoreClock                          0x20000000   Data           4  system_stm32f4xx.o(.data)
    message_counter                          0x20000004   Data           2  stm32f4xx_it.o(.data)
    measure_counter                          0x20000006   Data           2  stm32f4xx_it.o(.data)
    hearbeat_counter                         0x20000008   Data           2  stm32f4xx_it.o(.data)
    stabilizer_counter                       0x2000000a   Data           2  stm32f4xx_it.o(.data)
    CAN_message_counter                      0x2000000c   Data           2  stm32f4xx_it.o(.data)
    timeout_counter                          0x2000000e   Data           2  stm32f4xx_it.o(.data)
    test                                     0x20000010   Data           2  stm32f4xx_it.o(.data)
    init_counter                             0x20000012   Data           2  stm32f4xx_it.o(.data)
    stabilize_counter                        0x20000014   Data           2  stm32f4xx_it.o(.data)
    first_encoder_value                      0x20000018   Data           4  main.o(.data)
    firstRunFlag                             0x2000001c   Data           1  main.o(.data)
    firstRunCounter                          0x2000001d   Data           1  main.o(.data)
    firstRunCounterFlag                      0x2000001e   Data           1  main.o(.data)
    isMotorStabilized                        0x2000001f   Data           1  main.o(.data)
    USART2_Rx_Index                          0x20000020   Data           4  io_config.o(.data)
    ADC1ConvertedValue                       0x20000024   Data           4  io_config.o(.data)
    ADC2ConvertedValue                       0x20000028   Data           2  io_config.o(.data)
    CAN1_Tx                                  0x2000002c   Data           8  io_pin.o(.data)
    CAN1_Rx                                  0x20000034   Data           8  io_pin.o(.data)
    IN1                                      0x2000003c   Data           8  io_pin.o(.data)
    IN2                                      0x20000044   Data           8  io_pin.o(.data)
    BLINK                                    0x2000004c   Data           8  io_pin.o(.data)
    CLUTCH                                   0x20000054   Data           8  io_pin.o(.data)
    USART2_Tx                                0x2000005c   Data           8  io_pin.o(.data)
    USART2_Rx                                0x20000064   Data           8  io_pin.o(.data)
    USART3_Tx                                0x2000006c   Data           8  io_pin.o(.data)
    USART3_Rx                                0x20000074   Data           8  io_pin.o(.data)
    encoder_value                            0x2000007c   Data           2  io_read_write.o(.data)
    inputCurrent                             0x20000080   Data           4  io_read_write.o(.data)
    CAN1_RxData                              0x20000084   Data           8  can.o(.data)
    CAN1_TxData                              0x2000008c   Data           8  can.o(.data)
    CAN1_newDataFlag                         0x20000094   Data           1  can.o(.data)
    paket_sayisi                             0x20000095   Data           1  can.o(.data)
    CAN_timestamp                            0x20000096   Data           1  can.o(.data)
    mesaj_state                              0x20000097   Data           1  can.o(.data)
    qos                                      0x20000098   Data           2  can.o(.data)
    paket_no                                 0x2000009a   Data           2  can.o(.data)
    joystick_y_value                         0x2000009c   Data           2  can.o(.data)
    CAN_mesaji_toplam_uzunluk                0x2000009e   Data           2  can.o(.data)
    TxMailbox                                0x200000a0   Data           4  can.o(.data)
    FIFODataSayisi                           0x200000a4   Data           2  can.o(.data)
    FIFOKuyruk                               0x200000a6   Data           2  can.o(.data)
    FIFOKafa                                 0x200000a8   Data           2  can.o(.data)
    joystick_y_old_value                     0x200000aa   Data           2  can.o(.data)
    motor_value                              0x200000ac   Data           2  motor.o(.data)
    error_old                                0x200000ae   Data           2  motor.o(.data)
    output_value                             0x200000b0   Data           2  motor.o(.data)
    motor_position_flag                      0x200000b2   Data           2  motor.o(.data)
    position_error                           0x200000b4   Data           2  motor.o(.data)
    motorTimeout                             0x200000b8   Data           4  motor.o(.data)
    motorTimeoutFlag                         0x200000bc   Data           1  motor.o(.data)
    integralErr                              0x200000c0   Data           4  motor.o(.data)
    derivativeErr                            0x200000c4   Data           4  motor.o(.data)
    Kp                                       0x200000c8   Data           4  motor.o(.data)
    Ki                                       0x200000cc   Data           4  motor.o(.data)
    Kd                                       0x200000d0   Data           4  motor.o(.data)
    pwmValue                                 0x200000d4   Data           2  motor.o(.data)
    errorDebug                               0x200000d6   Data           2  motor.o(.data)
    fastMovingFLag                           0x200000d8   Data           1  motor.o(.data)
    oldJoystick                              0x200000da   Data           2  motor.o(.data)
    steadyStateCounter                       0x200000dc   Data           4  motor.o(.data)
    error                                    0x200000e0   Data           2  motor.o(.data)
    encoder_old                              0x200000e2   Data           2  motor.o(.data)
    joystickDebug                            0x200000e4   Data           2  motor.o(.data)
    encoder_bosta_degeri                     0x200000e6   Data           2  motor.o(.data)
    encoder_tam_cekili_degeri                0x200000e8   Data           2  motor.o(.data)
    DB_ALT_LIMIT_BOSTA_TASMA                 0x200000ea   Data           1  motor.o(.data)
    DB_UST_LIMIT_BOSTA_TASMA                 0x200000eb   Data           1  motor.o(.data)
    OVERSHOOT_ALT_LIMIT_BOSTA_TASMA          0x200000ec   Data           1  motor.o(.data)
    OVERSHOOT_UST_LIMIT_BOSTA_TASMA          0x200000ed   Data           1  motor.o(.data)
    DEADBAND_ALT_LIMIT_TAM_CEKILI_TASMA      0x200000ee   Data           1  motor.o(.data)
    DEADBAND_UST_LIMIT_TAM_CEKILI_TASMA      0x200000ef   Data           1  motor.o(.data)
    OVERSHOOT_ALT_LIMIT_TAM_CEKILI_TASMA     0x200000f0   Data           1  motor.o(.data)
    OVERSHOOT_UST_LIMIT_TAM_CEKILI_TASMA     0x200000f1   Data           1  motor.o(.data)
    DEADBAND_ALT_LIMIT_BOSTA                 0x200000f2   Data           2  motor.o(.data)
    DEADBAND_UST_LIMIT_BOSTA                 0x200000f4   Data           2  motor.o(.data)
    DEADBAND_ALT_LIMIT_TAM_CEKILI            0x200000f6   Data           2  motor.o(.data)
    DEADBAND_UST_LIMIT_TAM_CEKILI            0x200000f8   Data           2  motor.o(.data)
    OVERSHOOT_ALT_LIMIT_TAM_CEKILI           0x200000fa   Data           2  motor.o(.data)
    OVERSHOOT_UST_LIMIT_TAM_CEKILI           0x200000fc   Data           2  motor.o(.data)
    OVERSHOOT_ALT_LIMIT_BOSTA                0x200000fe   Data           2  motor.o(.data)
    OVERSHOOT_UST_LIMIT_BOSTA                0x20000100   Data           2  motor.o(.data)
    uwTick                                   0x20000104   Data           4  stm32f4xx_hal.o(.data)
    uwTickPrio                               0x20000108   Data           4  stm32f4xx_hal.o(.data)
    uwTickFreq                               0x2000010c   Data           1  stm32f4xx_hal.o(.data)
    __microlib_freelist                      0x20000110   Data           4  mvars.o(.data)
    __microlib_freelist_initialised          0x20000114   Data           4  mvars.o(.data)
    Tim4Handle                               0x20000118   Data          60  io_config.o(.bss)
    CanHandle                                0x20000154   Data          40  io_config.o(.bss)
    AdcHandle                                0x2000017c   Data          72  io_config.o(.bss)
    Adc2Handle                               0x200001c4   Data          72  io_config.o(.bss)
    Uart2Handle                              0x2000020c   Data          64  io_config.o(.bss)
    Uart3Handle                              0x2000024c   Data          64  io_config.o(.bss)
    USART2_Rx_Buffer                         0x2000028c   Data          32  io_config.o(.bss)
    USART3_Rx_Buffer                         0x200002ac   Data          32  io_config.o(.bss)
    readUSART3                               0x200002cc   Data          32  io_config.o(.bss)
    sendUSART3                               0x200002ec   Data          32  io_config.o(.bss)
    ANALOG1                                  0x2000048c   Data          52  io_pin.o(.bss)
    MOTOR_PWM                                0x200004c0   Data          16  io_pin.o(.bss)
    analog_message                           0x200004d0   Data          12  io_read_write.o(.bss)
    inputCurrentArray                        0x200004dc   Data         400  io_read_write.o(.bss)
    sendUSART2                               0x2000066c   Data          32  usart_2.o(.bss)
    readUSART2                               0x2000068c   Data          32  usart_2.o(.bss)
    CAN1_RXMesaji                            0x200006ac   Data          28  can.o(.bss)
    CAN1_TXMesaji                            0x200006c8   Data          24  can.o(.bss)
    mesaj                                    0x200006e0   Data         128  can.o(.bss)
    CAN_gondermeye_hazir_mesaj               0x20000760   Data        1024  can.o(.bss)
    mesaj_data                               0x20000b60   Data         128  can.o(.bss)
    FIFO                                     0x20000be0   Data        1024  can.o(.bss)
    __heap_base                              0x20000fe0   Data           0  startup_stm32f407xx.o(HEAP)
    __heap_limit                             0x200011e0   Data           0  startup_stm32f407xx.o(HEAP)
    __initial_sp                             0x200015e0   Data           0  startup_stm32f407xx.o(STACK)



==============================================================================

Memory Map of the image

  Image Entry point : 0x08000189

  Load Region LR_IROM1 (Base: 0x08000000, Size: 0x00005e1c, Max: 0x00080000, ABSOLUTE)

    Execution Region ER_IROM1 (Exec base: 0x08000000, Load base: 0x08000000, Size: 0x00005d04, Max: 0x00080000, ABSOLUTE)

    Exec Addr    Load Addr    Size         Type   Attr      Idx    E Section Name        Object

    0x08000000   0x08000000   0x00000188   Data   RO         1059    RESET               startup_stm32f407xx.o
    0x08000188   0x08000188   0x00000000   Code   RO         4901  * .ARM.Collect$$$$00000000  mc_w.l(entry.o)
    0x08000188   0x08000188   0x00000004   Code   RO         5217    .ARM.Collect$$$$00000001  mc_w.l(entry2.o)
    0x0800018c   0x0800018c   0x00000004   Code   RO         5220    .ARM.Collect$$$$00000004  mc_w.l(entry5.o)
    0x08000190   0x08000190   0x00000000   Code   RO         5222    .ARM.Collect$$$$00000008  mc_w.l(entry7b.o)
    0x08000190   0x08000190   0x00000000   Code   RO         5224    .ARM.Collect$$$$0000000A  mc_w.l(entry8b.o)
    0x08000190   0x08000190   0x00000008   Code   RO         5225    .ARM.Collect$$$$0000000B  mc_w.l(entry9a.o)
    0x08000198   0x08000198   0x00000000   Code   RO         5227    .ARM.Collect$$$$0000000D  mc_w.l(entry10a.o)
    0x08000198   0x08000198   0x00000000   Code   RO         5229    .ARM.Collect$$$$0000000F  mc_w.l(entry11a.o)
    0x08000198   0x08000198   0x00000004   Code   RO         5218    .ARM.Collect$$$$00002712  mc_w.l(entry2.o)
    0x0800019c   0x0800019c   0x00000024   Code   RO         1060    .text               startup_stm32f407xx.o
    0x080001c0   0x080001c0   0x00000062   Code   RO         4904    .text               mc_w.l(uldiv.o)
    0x08000222   0x08000222   0x00000024   Code   RO         4906    .text               mc_w.l(strstr.o)
    0x08000246   0x08000246   0x0000001c   Code   RO         4908    .text               mc_w.l(strcmp.o)
    0x08000262   0x08000262   0x00000002   PAD
    0x08000264   0x08000264   0x00000038   Code   RO         5199    .text               mc_w.l(__0sscanf.o)
    0x0800029c   0x0800029c   0x0000014c   Code   RO         5201    .text               mc_w.l(_scanf_int.o)
    0x080003e8   0x080003e8   0x0000014e   Code   RO         5203    .text               mf_w.l(dadd.o)
    0x08000536   0x08000536   0x000000e4   Code   RO         5205    .text               mf_w.l(dmul.o)
    0x0800061a   0x0800061a   0x000000de   Code   RO         5207    .text               mf_w.l(ddiv.o)
    0x080006f8   0x080006f8   0x00000022   Code   RO         5209    .text               mf_w.l(dflti.o)
    0x0800071a   0x0800071a   0x0000001a   Code   RO         5211    .text               mf_w.l(dfltui.o)
    0x08000734   0x08000734   0x0000003e   Code   RO         5213    .text               mf_w.l(dfixi.o)
    0x08000772   0x08000772   0x00000038   Code   RO         5215    .text               mf_w.l(d2f.o)
    0x080007aa   0x080007aa   0x0000001e   Code   RO         5236    .text               mc_w.l(llshl.o)
    0x080007c8   0x080007c8   0x00000020   Code   RO         5238    .text               mc_w.l(llushr.o)
    0x080007e8   0x080007e8   0x00000024   Code   RO         5240    .text               mc_w.l(llsshr.o)
    0x0800080c   0x0800080c   0x0000001c   Code   RO         5248    .text               mc_w.l(_chval.o)
    0x08000828   0x08000828   0x00000028   Code   RO         5250    .text               mc_w.l(scanf_char.o)
    0x08000850   0x08000850   0x00000040   Code   RO         5252    .text               mc_w.l(_sgetc.o)
    0x08000890   0x08000890   0x00000000   Code   RO         5254    .text               mc_w.l(iusefp.o)
    0x08000890   0x08000890   0x0000006e   Code   RO         5255    .text               mf_w.l(fepilogue.o)
    0x080008fe   0x080008fe   0x000000ba   Code   RO         5257    .text               mf_w.l(depilogue.o)
    0x080009b8   0x080009b8   0x00000024   Code   RO         5263    .text               mc_w.l(init.o)
    0x080009dc   0x080009dc   0x0000000a   Code   RO         5266    .text               mc_w.l(isspace_c.o)
    0x080009e6   0x080009e6   0x00000002   PAD
    0x080009e8   0x080009e8   0x0000032c   Code   RO         5268    .text               mc_w.l(_scanf.o)
    0x08000d14   0x08000d14   0x00000028   Code   RO         5271    .text               mc_w.l(ctype_c.o)
    0x08000d3c   0x08000d3c   0x00000026   Code   RO          383    i.ADC_CHANNEL_CONFIG  io_config.o
    0x08000d62   0x08000d62   0x0000006e   Code   RO         1706    i.ADC_DMAConvCplt   stm32f4xx_hal_adc.o
    0x08000dd0   0x08000dd0   0x0000001a   Code   RO         1707    i.ADC_DMAError      stm32f4xx_hal_adc.o
    0x08000dea   0x08000dea   0x0000000e   Code   RO         1708    i.ADC_DMAHalfConvCplt  stm32f4xx_hal_adc.o
    0x08000df8   0x08000df8   0x00000070   Code   RO          384    i.ADC_DMA_CONFIG    io_config.o
    0x08000e68   0x08000e68   0x0000015c   Code   RO         1709    i.ADC_Init          stm32f4xx_hal_adc.o
    0x08000fc4   0x08000fc4   0x00000004   Code   RO          167    i.BusFault_Handler  stm32f4xx_it.o
    0x08000fc8   0x08000fc8   0x00000128   Code   RO          385    i.CAN1_CONFIG       io_config.o
    0x080010f0   0x080010f0   0x00000030   Code   RO          832    i.CAN1_RX           can.o
    0x08001120   0x08001120   0x00000010   Code   RO          168    i.CAN1_RX0_IRQHandler  stm32f4xx_it.o
    0x08001130   0x08001130   0x00000034   Code   RO          833    i.CAN1_RX8Bayt      can.o
    0x08001164   0x08001164   0x00000014   Code   RO          487    i.CREATE_ANALOG_PIN  io_pin.o
    0x08001178   0x08001178   0x00000024   Code   RO          488    i.CREATE_CAN_PIN    io_pin.o
    0x0800119c   0x0800119c   0x0000004c   Code   RO          489    i.CREATE_DIGITAL_PIN  io_pin.o
    0x080011e8   0x080011e8   0x00000014   Code   RO          490    i.CREATE_PWM_PIN    io_pin.o
    0x080011fc   0x080011fc   0x00000044   Code   RO          491    i.CREATE_USART_PIN  io_pin.o
    0x08001240   0x08001240   0x000000c4   Code   RO          386    i.DIGITAL_OUT_CONFIG  io_config.o
    0x08001304   0x08001304   0x00000010   Code   RO          169    i.DMA1_Stream1_IRQHandler  stm32f4xx_it.o
    0x08001314   0x08001314   0x00000010   Code   RO          170    i.DMA1_Stream3_IRQHandler  stm32f4xx_it.o
    0x08001324   0x08001324   0x00000010   Code   RO          171    i.DMA2_Stream0_IRQHandler  stm32f4xx_it.o
    0x08001334   0x08001334   0x00000010   Code   RO          172    i.DMA2_Stream7_IRQHandler  stm32f4xx_it.o
    0x08001344   0x08001344   0x00000034   Code   RO         2142    i.DMA_CalcBaseAndBitshift  stm32f4xx_hal_dma.o
    0x08001378   0x08001378   0x000000aa   Code   RO         2143    i.DMA_CheckFifoParam  stm32f4xx_hal_dma.o
    0x08001422   0x08001422   0x0000002c   Code   RO         2144    i.DMA_SetConfig     stm32f4xx_hal_dma.o
    0x0800144e   0x0800144e   0x00000002   Code   RO          173    i.DebugMon_Handler  stm32f4xx_it.o
    0x08001450   0x08001450   0x00000018   Code   RO          838    i.FIFO_data_dolu_mu  can.o
    0x08001468   0x08001468   0x00000014   Code   RO          840    i.FIFO_data_var_mi  can.o
    0x0800147c   0x0800147c   0x00000050   Code   RO          841    i.FIFO_pull         can.o
    0x080014cc   0x080014cc   0x00000050   Code   RO          842    i.FIFO_push         can.o
    0x0800151c   0x0800151c   0x0000018c   Code   RO         1711    i.HAL_ADC_ConfigChannel  stm32f4xx_hal_adc.o
    0x080016a8   0x080016a8   0x00000002   Code   RO          305    i.HAL_ADC_ConvCpltCallback  main.o
    0x080016aa   0x080016aa   0x00000002   Code   RO         1713    i.HAL_ADC_ConvHalfCpltCallback  stm32f4xx_hal_adc.o
    0x080016ac   0x080016ac   0x00000002   Code   RO         1715    i.HAL_ADC_ErrorCallback  stm32f4xx_hal_adc.o
    0x080016ae   0x080016ae   0x00000002   PAD
    0x080016b0   0x080016b0   0x00000068   Code   RO         1720    i.HAL_ADC_Init      stm32f4xx_hal_adc.o
    0x08001718   0x08001718   0x000001e0   Code   RO          387    i.HAL_ADC_MspInit   io_config.o
    0x080018f8   0x080018f8   0x00000148   Code   RO         1727    i.HAL_ADC_Start_DMA  stm32f4xx_hal_adc.o
    0x08001a40   0x08001a40   0x0000002c   Code   RO         3570    i.HAL_CAN_ActivateNotification  stm32f4xx_hal_can.o
    0x08001a6c   0x08001a6c   0x0000012a   Code   RO         3571    i.HAL_CAN_AddTxMessage  stm32f4xx_hal_can.o
    0x08001b96   0x08001b96   0x00000002   PAD
    0x08001b98   0x08001b98   0x00000124   Code   RO         3572    i.HAL_CAN_ConfigFilter  stm32f4xx_hal_can.o
    0x08001cbc   0x08001cbc   0x00000002   Code   RO         3575    i.HAL_CAN_ErrorCallback  stm32f4xx_hal_can.o
    0x08001cbe   0x08001cbe   0x00000188   Code   RO         3578    i.HAL_CAN_GetRxMessage  stm32f4xx_hal_can.o
    0x08001e46   0x08001e46   0x0000024e   Code   RO         3582    i.HAL_CAN_IRQHandler  stm32f4xx_hal_can.o
    0x08002094   0x08002094   0x00000176   Code   RO         3583    i.HAL_CAN_Init      stm32f4xx_hal_can.o
    0x0800220a   0x0800220a   0x00000002   Code   RO         3587    i.HAL_CAN_MspInit   stm32f4xx_hal_can.o
    0x0800220c   0x0800220c   0x00000002   Code   RO         3590    i.HAL_CAN_RxFifo0FullCallback  stm32f4xx_hal_can.o
    0x0800220e   0x0800220e   0x00000002   PAD
    0x08002210   0x08002210   0x00000030   Code   RO          843    i.HAL_CAN_RxFifo0MsgPendingCallback  can.o
    0x08002240   0x08002240   0x00000002   Code   RO         3592    i.HAL_CAN_RxFifo1FullCallback  stm32f4xx_hal_can.o
    0x08002242   0x08002242   0x00000002   Code   RO         3593    i.HAL_CAN_RxFifo1MsgPendingCallback  stm32f4xx_hal_can.o
    0x08002244   0x08002244   0x00000002   Code   RO         3594    i.HAL_CAN_SleepCallback  stm32f4xx_hal_can.o
    0x08002246   0x08002246   0x00000060   Code   RO         3595    i.HAL_CAN_Start     stm32f4xx_hal_can.o
    0x080022a6   0x080022a6   0x00000002   Code   RO         3597    i.HAL_CAN_TxMailbox0AbortCallback  stm32f4xx_hal_can.o
    0x080022a8   0x080022a8   0x00000002   Code   RO         3598    i.HAL_CAN_TxMailbox0CompleteCallback  stm32f4xx_hal_can.o
    0x080022aa   0x080022aa   0x00000002   Code   RO         3599    i.HAL_CAN_TxMailbox1AbortCallback  stm32f4xx_hal_can.o
    0x080022ac   0x080022ac   0x00000002   Code   RO         3600    i.HAL_CAN_TxMailbox1CompleteCallback  stm32f4xx_hal_can.o
    0x080022ae   0x080022ae   0x00000002   Code   RO         3601    i.HAL_CAN_TxMailbox2AbortCallback  stm32f4xx_hal_can.o
    0x080022b0   0x080022b0   0x00000002   Code   RO         3602    i.HAL_CAN_TxMailbox2CompleteCallback  stm32f4xx_hal_can.o
    0x080022b2   0x080022b2   0x00000002   Code   RO         3604    i.HAL_CAN_WakeUpFromRxMsgCallback  stm32f4xx_hal_can.o
    0x080022b4   0x080022b4   0x00000028   Code   RO         2146    i.HAL_DMA_Abort_IT  stm32f4xx_hal_dma.o
    0x080022dc   0x080022dc   0x00000240   Code   RO         2150    i.HAL_DMA_IRQHandler  stm32f4xx_hal_dma.o
    0x0800251c   0x0800251c   0x000000ec   Code   RO         2151    i.HAL_DMA_Init      stm32f4xx_hal_dma.o
    0x08002608   0x08002608   0x0000009e   Code   RO         2155    i.HAL_DMA_Start_IT  stm32f4xx_hal_dma.o
    0x080026a6   0x080026a6   0x00000002   PAD
    0x080026a8   0x080026a8   0x00000200   Code   RO         1436    i.HAL_GPIO_Init     stm32f4xx_hal_gpio.o
    0x080028a8   0x080028a8   0x00000008   Code   RO         1439    i.HAL_GPIO_TogglePin  stm32f4xx_hal_gpio.o
    0x080028b0   0x080028b0   0x0000000c   Code   RO         1440    i.HAL_GPIO_WritePin  stm32f4xx_hal_gpio.o
    0x080028bc   0x080028bc   0x0000000c   Code   RO         3144    i.HAL_GetREVID      stm32f4xx_hal.o
    0x080028c8   0x080028c8   0x0000000c   Code   RO         3145    i.HAL_GetTick       stm32f4xx_hal.o
    0x080028d4   0x080028d4   0x00000018   Code   RO         3149    i.HAL_IncTick       stm32f4xx_hal.o
    0x080028ec   0x080028ec   0x0000002c   Code   RO         3150    i.HAL_Init          stm32f4xx_hal.o
    0x08002918   0x08002918   0x0000004c   Code   RO         3151    i.HAL_InitTick      stm32f4xx_hal.o
    0x08002964   0x08002964   0x00000002   Code   RO         3153    i.HAL_MspInit       stm32f4xx_hal.o
    0x08002966   0x08002966   0x00000020   Code   RO         2007    i.HAL_NVIC_EnableIRQ  stm32f4xx_hal_cortex.o
    0x08002986   0x08002986   0x0000007c   Code   RO         2013    i.HAL_NVIC_SetPriority  stm32f4xx_hal_cortex.o
    0x08002a02   0x08002a02   0x00000002   PAD
    0x08002a04   0x08002a04   0x00000028   Code   RO         2014    i.HAL_NVIC_SetPriorityGrouping  stm32f4xx_hal_cortex.o
    0x08002a2c   0x08002a2c   0x00000180   Code   RO         1605    i.HAL_RCC_ClockConfig  stm32f4xx_hal_rcc.o
    0x08002bac   0x08002bac   0x0000000c   Code   RO         1610    i.HAL_RCC_GetHCLKFreq  stm32f4xx_hal_rcc.o
    0x08002bb8   0x08002bb8   0x00000020   Code   RO         1612    i.HAL_RCC_GetPCLK1Freq  stm32f4xx_hal_rcc.o
    0x08002bd8   0x08002bd8   0x00000020   Code   RO         1613    i.HAL_RCC_GetPCLK2Freq  stm32f4xx_hal_rcc.o
    0x08002bf8   0x08002bf8   0x000000b0   Code   RO         1614    i.HAL_RCC_GetSysClockFreq  stm32f4xx_hal_rcc.o
    0x08002ca8   0x08002ca8   0x00000448   Code   RO         1617    i.HAL_RCC_OscConfig  stm32f4xx_hal_rcc.o
    0x080030f0   0x080030f0   0x00000034   Code   RO         2018    i.HAL_SYSTICK_Config  stm32f4xx_hal_cortex.o
    0x08003124   0x08003124   0x00000034   Code   RO         3805    i.HAL_TIM_Base_Init  stm32f4xx_hal_tim.o
    0x08003158   0x08003158   0x00000002   Code   RO         3807    i.HAL_TIM_Base_MspInit  stm32f4xx_hal_tim.o
    0x0800315a   0x0800315a   0x00000034   Code   RO         3852    i.HAL_TIM_OC_Init   stm32f4xx_hal_tim.o
    0x0800318e   0x0800318e   0x00000002   Code   RO         3854    i.HAL_TIM_OC_MspInit  stm32f4xx_hal_tim.o
    0x08003190   0x08003190   0x00000108   Code   RO         3871    i.HAL_TIM_PWM_ConfigChannel  stm32f4xx_hal_tim.o
    0x08003298   0x08003298   0x0000004c   Code   RO         3878    i.HAL_TIM_PWM_Start  stm32f4xx_hal_tim.o
    0x080032e4   0x080032e4   0x00000002   Code   RO         2269    i.HAL_UART_ErrorCallback  stm32f4xx_hal_uart.o
    0x080032e6   0x080032e6   0x00000002   PAD
    0x080032e8   0x080032e8   0x0000014c   Code   RO         2272    i.HAL_UART_IRQHandler  stm32f4xx_hal_uart.o
    0x08003434   0x08003434   0x00000072   Code   RO         2273    i.HAL_UART_Init     stm32f4xx_hal_uart.o
    0x080034a6   0x080034a6   0x00000002   Code   RO         2275    i.HAL_UART_MspInit  stm32f4xx_hal_uart.o
    0x080034a8   0x080034a8   0x00000064   Code   RO         2278    i.HAL_UART_Receive_IT  stm32f4xx_hal_uart.o
    0x0800350c   0x0800350c   0x00000024   Code   RO          388    i.HAL_UART_RxCpltCallback  io_config.o
    0x08003530   0x08003530   0x0000009c   Code   RO         2282    i.HAL_UART_Transmit_DMA  stm32f4xx_hal_uart.o
    0x080035cc   0x080035cc   0x00000058   Code   RO         2283    i.HAL_UART_Transmit_IT  stm32f4xx_hal_uart.o
    0x08003624   0x08003624   0x00000002   Code   RO          389    i.HAL_UART_TxCpltCallback  io_config.o
    0x08003626   0x08003626   0x00000002   Code   RO         2285    i.HAL_UART_TxHalfCpltCallback  stm32f4xx_hal_uart.o
    0x08003628   0x08003628   0x00000004   Code   RO          174    i.HardFault_Handler  stm32f4xx_it.o
    0x0800362c   0x0800362c   0x00000004   Code   RO          175    i.MemManage_Handler  stm32f4xx_it.o
    0x08003630   0x08003630   0x00000002   Code   RO          176    i.NMI_Handler       stm32f4xx_it.o
    0x08003632   0x08003632   0x00000002   PAD
    0x08003634   0x08003634   0x00000080   Code   RO          390    i.PWM_CONFIG        io_config.o
    0x080036b4   0x080036b4   0x00000002   Code   RO          177    i.PendSV_Handler    stm32f4xx_it.o
    0x080036b6   0x080036b6   0x00000002   PAD
    0x080036b8   0x080036b8   0x0000007c   Code   RO          539    i.ReadAnalogPins    io_read_write.o
    0x08003734   0x08003734   0x00000002   Code   RO          178    i.SVC_Handler       stm32f4xx_it.o
    0x08003736   0x08003736   0x00000002   PAD
    0x08003738   0x08003738   0x00000084   Code   RO          179    i.SysTick_Handler   stm32f4xx_it.o
    0x080037bc   0x080037bc   0x000000b4   Code   RO          306    i.SystemClock_Config  main.o
    0x08003870   0x08003870   0x00000064   Code   RO            5    i.SystemInit        system_stm32f4xx.o
    0x080038d4   0x080038d4   0x00000050   Code   RO          391    i.TIM4_CONFIG       io_config.o
    0x08003924   0x08003924   0x000000e4   Code   RO         3889    i.TIM_Base_SetConfig  stm32f4xx_hal_tim.o
    0x08003a08   0x08003a08   0x0000001c   Code   RO         3890    i.TIM_CCxChannelCmd  stm32f4xx_hal_tim.o
    0x08003a24   0x08003a24   0x00000070   Code   RO         3898    i.TIM_OC1_SetConfig  stm32f4xx_hal_tim.o
    0x08003a94   0x08003a94   0x00000078   Code   RO         3899    i.TIM_OC2_SetConfig  stm32f4xx_hal_tim.o
    0x08003b0c   0x08003b0c   0x00000078   Code   RO         3900    i.TIM_OC3_SetConfig  stm32f4xx_hal_tim.o
    0x08003b84   0x08003b84   0x00000060   Code   RO         3901    i.TIM_OC4_SetConfig  stm32f4xx_hal_tim.o
    0x08003be4   0x08003be4   0x00000014   Code   RO         2286    i.UART_DMAAbortOnError  stm32f4xx_hal_uart.o
    0x08003bf8   0x08003bf8   0x00000050   Code   RO         2287    i.UART_DMAError     stm32f4xx_hal_uart.o
    0x08003c48   0x08003c48   0x00000036   Code   RO         2292    i.UART_DMATransmitCplt  stm32f4xx_hal_uart.o
    0x08003c7e   0x08003c7e   0x0000000e   Code   RO         2294    i.UART_DMATxHalfCplt  stm32f4xx_hal_uart.o
    0x08003c8c   0x08003c8c   0x00000020   Code   RO         2296    i.UART_EndRxTransfer  stm32f4xx_hal_uart.o
    0x08003cac   0x08003cac   0x00000020   Code   RO         2297    i.UART_EndTransmit_IT  stm32f4xx_hal_uart.o
    0x08003ccc   0x08003ccc   0x00000014   Code   RO         2298    i.UART_EndTxTransfer  stm32f4xx_hal_uart.o
    0x08003ce0   0x08003ce0   0x0000009a   Code   RO         2299    i.UART_Receive_IT   stm32f4xx_hal_uart.o
    0x08003d7a   0x08003d7a   0x00000002   PAD
    0x08003d7c   0x08003d7c   0x00000368   Code   RO         2300    i.UART_SetConfig    stm32f4xx_hal_uart.o
    0x080040e4   0x080040e4   0x00000068   Code   RO         2301    i.UART_Transmit_IT  stm32f4xx_hal_uart.o
    0x0800414c   0x0800414c   0x00000084   Code   RO          392    i.USART2_CONFIG     io_config.o
    0x080041d0   0x080041d0   0x00000060   Code   RO          393    i.USART2_GPIO_CONFIG  io_config.o
    0x08004230   0x08004230   0x00000010   Code   RO          180    i.USART2_IRQHandler  stm32f4xx_it.o
    0x08004240   0x08004240   0x00000154   Code   RO          394    i.USART3_CONFIG     io_config.o
    0x08004394   0x08004394   0x00000060   Code   RO          395    i.USART3_GPIO_CONFIG  io_config.o
    0x080043f4   0x080043f4   0x00000010   Code   RO          181    i.USART3_IRQHandler  stm32f4xx_it.o
    0x08004404   0x08004404   0x00000004   Code   RO          182    i.UsageFault_Handler  stm32f4xx_it.o
    0x08004408   0x08004408   0x00000028   Code   RO         5119    i.__0sprintf$8      mc_w.l(printf8.o)
    0x08004430   0x08004430   0x00000010   Code   RO         2020    i.__NVIC_GetPriorityGrouping  stm32f4xx_hal_cortex.o
    0x08004440   0x08004440   0x00000028   Code   RO         2021    i.__NVIC_SetPriority  stm32f4xx_hal_cortex.o
    0x08004468   0x08004468   0x00000040   Code   RO         1002    i.__NVIC_SystemReset  flash.o
    0x080044a8   0x080044a8   0x0000000e   Code   RO         5276    i.__scatterload_copy  mc_w.l(handlers.o)
    0x080044b6   0x080044b6   0x00000002   Code   RO         5277    i.__scatterload_null  mc_w.l(handlers.o)
    0x080044b8   0x080044b8   0x0000000e   Code   RO         5278    i.__scatterload_zeroinit  mc_w.l(handlers.o)
    0x080044c6   0x080044c6   0x00000002   PAD
    0x080044c8   0x080044c8   0x00000410   Code   RO         5124    i._printf_core      mc_w.l(printf8.o)
    0x080048d8   0x080048d8   0x00000024   Code   RO         5125    i._printf_post_padding  mc_w.l(printf8.o)
    0x080048fc   0x080048fc   0x0000002e   Code   RO         5126    i._printf_pre_padding  mc_w.l(printf8.o)
    0x0800492a   0x0800492a   0x0000000a   Code   RO         5128    i._sputc            mc_w.l(printf8.o)
    0x08004934   0x08004934   0x00000038   Code   RO          599    i.averageFloatArray  general_purpose_func.o
    0x0800496c   0x0800496c   0x00000014   Code   RO          540    i.beatHeart         io_read_write.o
    0x08004980   0x08004980   0x00000158   Code   RO         1003    i.bootModeControl   flash.o
    0x08004ad8   0x08004ad8   0x00000018   Code   RO          600    i.copyArray         general_purpose_func.o
    0x08004af0   0x08004af0   0x00000018   Code   RO          601    i.copyChar          general_purpose_func.o
    0x08004b08   0x08004b08   0x00000078   Code   RO          541    i.currentCalculation  io_read_write.o
    0x08004b80   0x08004b80   0x00000014   Code   RO          543    i.enableClutch      io_read_write.o
    0x08004b94   0x08004b94   0x00000254   Code   RO          945    i.encoder_start     motor.o
    0x08004de8   0x08004de8   0x000000e4   Code   RO          307    i.main              main.o
    0x08004ecc   0x08004ecc   0x0000006c   Code   RO         5172    i.malloc            mc_w.l(malloc.o)
    0x08004f38   0x08004f38   0x00000046   Code   RO          604    i.map1000           general_purpose_func.o
    0x08004f7e   0x08004f7e   0x00000002   PAD
    0x08004f80   0x08004f80   0x00000120   Code   RO          844    i.mesaj_dogrulama   can.o
    0x080050a0   0x080050a0   0x000008a4   Code   RO          946    i.motor_stabilize_deneme  motor.o
    0x08005944   0x08005944   0x00000028   Code   RO          947    i.motor_sur_deneme  motor.o
    0x0800596c   0x0800596c   0x000000d4   Code   RO          845    i.parse_CAN_message  can.o
    0x08005a40   0x08005a40   0x00000044   Code   RO         1004    i.sendBootloaderResponse  flash.o
    0x08005a84   0x08005a84   0x0000006c   Code   RO          949    i.set_motor_direction_of_rotation  motor.o
    0x08005af0   0x08005af0   0x0000002c   Code   RO          606    i.shiftFloatArray   general_purpose_func.o
    0x08005b1c   0x08005b1c   0x0000001c   Code   RO          607    i.shiftIntArray     general_purpose_func.o
    0x08005b38   0x08005b38   0x000000a4   Code   RO         1005    i.stringMessageToByteArray  flash.o
    0x08005bdc   0x08005bdc   0x00000044   Code   RO         1006    i.stringToHex       flash.o
    0x08005c20   0x08005c20   0x00000028   Code   RO          691    i.updateUSART2Write  usart_2.o
    0x08005c48   0x08005c48   0x00000028   Code   RO          758    i.updateUSART3Write  usart_3.o
    0x08005c70   0x08005c70   0x00000014   Code   RO          608    i.zeroChar          general_purpose_func.o
    0x08005c84   0x08005c84   0x00000018   Data   RO            6    .constdata          system_stm32f4xx.o
    0x08005c9c   0x08005c9c   0x00000008   Data   RO         2157    .constdata          stm32f4xx_hal_dma.o
    0x08005ca4   0x08005ca4   0x00000040   Data   RO         5272    .constdata          mc_w.l(ctype_c.o)
    0x08005ce4   0x08005ce4   0x00000020   Data   RO         5274    Region$$Table       anon$$obj.o


    Execution Region RW_IRAM1 (Exec base: 0x20000000, Load base: 0x08005d04, Size: 0x000015e0, Max: 0x00020000, ABSOLUTE)

    Exec Addr    Load Addr    Size         Type   Attr      Idx    E Section Name        Object

    0x20000000   0x08005d04   0x00000004   Data   RW            7    .data               system_stm32f4xx.o
    0x20000004   0x08005d08   0x00000012   Data   RW          183    .data               stm32f4xx_it.o
    0x20000016   0x08005d1a   0x00000002   PAD
    0x20000018   0x08005d1c   0x00000008   Data   RW          308    .data               main.o
    0x20000020   0x08005d24   0x0000000a   Data   RW          397    .data               io_config.o
    0x2000002a   0x08005d2e   0x00000002   PAD
    0x2000002c   0x08005d30   0x00000050   Data   RW          493    .data               io_pin.o
    0x2000007c   0x08005d80   0x00000008   Data   RW          546    .data               io_read_write.o
    0x20000084   0x08005d88   0x00000028   Data   RW          847    .data               can.o
    0x200000ac   0x08005db0   0x00000056   Data   RW          950    .data               motor.o
    0x20000102   0x08005e06   0x00000002   PAD
    0x20000104   0x08005e08   0x00000009   Data   RW         3157    .data               stm32f4xx_hal.o
    0x2000010d   0x08005e11   0x00000003   PAD
    0x20000110   0x08005e14   0x00000004   Data   RW         5246    .data               mc_w.l(mvars.o)
    0x20000114   0x08005e18   0x00000004   Data   RW         5247    .data               mc_w.l(mvars.o)
    0x20000118        -       0x00000374   Zero   RW          396    .bss                io_config.o
    0x2000048c        -       0x00000044   Zero   RW          492    .bss                io_pin.o
    0x200004d0        -       0x0000019c   Zero   RW          545    .bss                io_read_write.o
    0x2000066c        -       0x00000040   Zero   RW          692    .bss                usart_2.o
    0x200006ac        -       0x00000934   Zero   RW          846    .bss                can.o
    0x20000fe0        -       0x00000200   Zero   RW         1058    HEAP                startup_stm32f407xx.o
    0x200011e0        -       0x00000400   Zero   RW         1057    STACK               startup_stm32f407xx.o


==============================================================================

Image component sizes


      Code (inc. data)   RO Data    RW Data    ZI Data      Debug   Object Name

       852        122          0         40       2356       8788   can.o
       708        222          0          0          0       4414   flash.o
       266         12          0          0          0       5738   general_purpose_func.o
      2032        212          0         10        884      11893   io_config.o
       220         86          0         80         68       3579   io_pin.o
       284         70          0          8        412       3849   io_read_write.o
       410         50          0          8          0       3763   main.o
      2956        242          0         86          0       5596   motor.o
        36          8        392          0       1536        916   startup_stm32f407xx.o
       170         36          0          9          0       6074   stm32f4xx_hal.o
      1330         56          0          0          0       8150   stm32f4xx_hal_adc.o
      2112          4          0          0          0      17613   stm32f4xx_hal_can.o
       304         22          0          0          0      35091   stm32f4xx_hal_cortex.o
      1276         16          8          0          0       7346   stm32f4xx_hal_dma.o
       532         46          0          0          0       3501   stm32f4xx_hal_gpio.o
      1732         84          0          0          0       6524   stm32f4xx_hal_rcc.o
      1152         88          0          0          0      10755   stm32f4xx_hal_tim.o
      2178         28          0          0          0      15301   stm32f4xx_hal_uart.o
       268         72          0         18          0      12550   stm32f4xx_it.o
       100         18         24          4          0     704499   system_stm32f4xx.o
        40         14          0          0         64       1521   usart_2.o
        40         14          0          0          0        588   usart_3.o

    ----------------------------------------------------------------------
     19020       1522        456        272       5320     878049   Object Totals
         0          0         32          0          0          0   (incl. Generated)
        22          0          0          9          0          0   (incl. Padding)

    ----------------------------------------------------------------------

      Code (inc. data)   RO Data    RW Data    ZI Data      Debug   Library Member Name

        56          8          0          0          0         84   __0sscanf.o
        28          0          0          0          0         68   _chval.o
       812          4          0          0          0        112   _scanf.o
       332          0          0          0          0         96   _scanf_int.o
        64          0          0          0          0         84   _sgetc.o
        40          6         64          0          0         68   ctype_c.o
         0          0          0          0          0          0   entry.o
         0          0          0          0          0          0   entry10a.o
         0          0          0          0          0          0   entry11a.o
         8          4          0          0          0          0   entry2.o
         4          0          0          0          0          0   entry5.o
         0          0          0          0          0          0   entry7b.o
         0          0          0          0          0          0   entry8b.o
         8          4          0          0          0          0   entry9a.o
        30          0          0          0          0          0   handlers.o
        36          8          0          0          0         68   init.o
        10          0          0          0          0         68   isspace_c.o
         0          0          0          0          0          0   iusefp.o
        30          0          0          0          0         68   llshl.o
        36          0          0          0          0         68   llsshr.o
        32          0          0          0          0         68   llushr.o
       108         16          0          0          0         84   malloc.o
         0          0          0          8          0          0   mvars.o
      1172         50          0          0          0        420   printf8.o
        40          8          0          0          0         84   scanf_char.o
        28          0          0          0          0         76   strcmp.o
        36          0          0          0          0         80   strstr.o
        98          0          0          0          0         92   uldiv.o
        56          0          0          0          0         88   d2f.o
       334          0          0          0          0        148   dadd.o
       222          0          0          0          0        100   ddiv.o
       186          0          0          0          0        176   depilogue.o
        62          0          0          0          0         80   dfixi.o
        34          0          0          0          0         76   dflti.o
        26          0          0          0          0         76   dfltui.o
       228          0          0          0          0         96   dmul.o
       110          0          0          0          0        168   fepilogue.o

    ----------------------------------------------------------------------
      4272        108         64          8          0       2696   Library Totals
         6          0          0          0          0          0   (incl. Padding)

    ----------------------------------------------------------------------

      Code (inc. data)   RO Data    RW Data    ZI Data      Debug   Library Name

      3008        108         64          8          0       1688   mc_w.l
      1258          0          0          0          0       1008   mf_w.l

    ----------------------------------------------------------------------
      4272        108         64          8          0       2696   Library Totals

    ----------------------------------------------------------------------

==============================================================================


      Code (inc. data)   RO Data    RW Data    ZI Data      Debug   

     23292       1630        520        280       5320     864745   Grand Totals
     23292       1630        520        280       5320     864745   ELF Image Totals
     23292       1630        520        280          0          0   ROM Totals

==============================================================================

    Total RO  Size (Code + RO Data)                23812 (  23.25kB)
    Total RW  Size (RW Data + ZI Data)              5600 (   5.47kB)
    Total ROM Size (Code + RO Data + RW Data)      24092 (  23.53kB)

==============================================================================

