Archive member included to satisfy reference by file (symbol)

c:/ac6/systemworkbench/plugins/fr.ac6.mcu.externaltools.arm-none.win32_1.15.0.201708311556/tools/compiler/bin/../lib/gcc/arm-none-eabi/6.3.1/thumb/v7e-m/fpv4-sp/hard\libgcc.a(_aeabi_uldivmod.o)
                              Drivers/STM32F4xx_HAL_Driver/stm32f4xx_hal_rcc.o (__aeabi_uldivmod)
c:/ac6/systemworkbench/plugins/fr.ac6.mcu.externaltools.arm-none.win32_1.15.0.201708311556/tools/compiler/bin/../lib/gcc/arm-none-eabi/6.3.1/thumb/v7e-m/fpv4-sp/hard\libgcc.a(_udivmoddi4.o)
                              c:/ac6/systemworkbench/plugins/fr.ac6.mcu.externaltools.arm-none.win32_1.15.0.201708311556/tools/compiler/bin/../lib/gcc/arm-none-eabi/6.3.1/thumb/v7e-m/fpv4-sp/hard\libgcc.a(_aeabi_uldivmod.o) (__udivmoddi4)
c:/ac6/systemworkbench/plugins/fr.ac6.mcu.externaltools.arm-none.win32_1.15.0.201708311556/tools/compiler/bin/../lib/gcc/arm-none-eabi/6.3.1/thumb/v7e-m/fpv4-sp/hard\libgcc.a(_dvmd_tls.o)
                              c:/ac6/systemworkbench/plugins/fr.ac6.mcu.externaltools.arm-none.win32_1.15.0.201708311556/tools/compiler/bin/../lib/gcc/arm-none-eabi/6.3.1/thumb/v7e-m/fpv4-sp/hard\libgcc.a(_aeabi_uldivmod.o) (__aeabi_ldiv0)
c:/ac6/systemworkbench/plugins/fr.ac6.mcu.externaltools.arm-none.win32_1.15.0.201708311556/tools/compiler/bin/../lib/gcc/arm-none-eabi/6.3.1/../../../../arm-none-eabi/lib/thumb/v7e-m/fpv4-sp/hard\libc_nano.a(lib_a-exit.o)
                              c:/ac6/systemworkbench/plugins/fr.ac6.mcu.externaltools.arm-none.win32_1.15.0.201708311556/tools/compiler/bin/../lib/gcc/arm-none-eabi/6.3.1/../../../../arm-none-eabi/lib/thumb/v7e-m/fpv4-sp/hard/crt0.o (exit)
c:/ac6/systemworkbench/plugins/fr.ac6.mcu.externaltools.arm-none.win32_1.15.0.201708311556/tools/compiler/bin/../lib/gcc/arm-none-eabi/6.3.1/../../../../arm-none-eabi/lib/thumb/v7e-m/fpv4-sp/hard\libc_nano.a(lib_a-impure.o)
                              c:/ac6/systemworkbench/plugins/fr.ac6.mcu.externaltools.arm-none.win32_1.15.0.201708311556/tools/compiler/bin/../lib/gcc/arm-none-eabi/6.3.1/../../../../arm-none-eabi/lib/thumb/v7e-m/fpv4-sp/hard\libc_nano.a(lib_a-exit.o) (_global_impure_ptr)
c:/ac6/systemworkbench/plugins/fr.ac6.mcu.externaltools.arm-none.win32_1.15.0.201708311556/tools/compiler/bin/../lib/gcc/arm-none-eabi/6.3.1/../../../../arm-none-eabi/lib/thumb/v7e-m/fpv4-sp/hard\libc_nano.a(lib_a-init.o)
                              c:/ac6/systemworkbench/plugins/fr.ac6.mcu.externaltools.arm-none.win32_1.15.0.201708311556/tools/compiler/bin/../lib/gcc/arm-none-eabi/6.3.1/../../../../arm-none-eabi/lib/thumb/v7e-m/fpv4-sp/hard/crt0.o (__libc_init_array)
c:/ac6/systemworkbench/plugins/fr.ac6.mcu.externaltools.arm-none.win32_1.15.0.201708311556/tools/compiler/bin/../lib/gcc/arm-none-eabi/6.3.1/../../../../arm-none-eabi/lib/thumb/v7e-m/fpv4-sp/hard\libc_nano.a(lib_a-memset.o)
                              c:/ac6/systemworkbench/plugins/fr.ac6.mcu.externaltools.arm-none.win32_1.15.0.201708311556/tools/compiler/bin/../lib/gcc/arm-none-eabi/6.3.1/../../../../arm-none-eabi/lib/thumb/v7e-m/fpv4-sp/hard/crt0.o (memset)
c:/ac6/systemworkbench/plugins/fr.ac6.mcu.externaltools.arm-none.win32_1.15.0.201708311556/tools/compiler/bin/../lib/gcc/arm-none-eabi/6.3.1/../../../../arm-none-eabi/lib/thumb/v7e-m/fpv4-sp/hard\libc_nano.a(lib_a-sprintf.o)
                              Example/User/io_read_write.o (sprintf)
c:/ac6/systemworkbench/plugins/fr.ac6.mcu.externaltools.arm-none.win32_1.15.0.201708311556/tools/compiler/bin/../lib/gcc/arm-none-eabi/6.3.1/../../../../arm-none-eabi/lib/thumb/v7e-m/fpv4-sp/hard\libc_nano.a(lib_a-nano-svfprintf.o)
                              c:/ac6/systemworkbench/plugins/fr.ac6.mcu.externaltools.arm-none.win32_1.15.0.201708311556/tools/compiler/bin/../lib/gcc/arm-none-eabi/6.3.1/../../../../arm-none-eabi/lib/thumb/v7e-m/fpv4-sp/hard\libc_nano.a(lib_a-sprintf.o) (_svfprintf_r)
c:/ac6/systemworkbench/plugins/fr.ac6.mcu.externaltools.arm-none.win32_1.15.0.201708311556/tools/compiler/bin/../lib/gcc/arm-none-eabi/6.3.1/../../../../arm-none-eabi/lib/thumb/v7e-m/fpv4-sp/hard\libc_nano.a(lib_a-nano-vfprintf_i.o)
                              c:/ac6/systemworkbench/plugins/fr.ac6.mcu.externaltools.arm-none.win32_1.15.0.201708311556/tools/compiler/bin/../lib/gcc/arm-none-eabi/6.3.1/../../../../arm-none-eabi/lib/thumb/v7e-m/fpv4-sp/hard\libc_nano.a(lib_a-nano-svfprintf.o) (_printf_i)
c:/ac6/systemworkbench/plugins/fr.ac6.mcu.externaltools.arm-none.win32_1.15.0.201708311556/tools/compiler/bin/../lib/gcc/arm-none-eabi/6.3.1/../../../../arm-none-eabi/lib/thumb/v7e-m/fpv4-sp/hard\libc_nano.a(lib_a-memchr.o)
                              c:/ac6/systemworkbench/plugins/fr.ac6.mcu.externaltools.arm-none.win32_1.15.0.201708311556/tools/compiler/bin/../lib/gcc/arm-none-eabi/6.3.1/../../../../arm-none-eabi/lib/thumb/v7e-m/fpv4-sp/hard\libc_nano.a(lib_a-nano-svfprintf.o) (memchr)
[...]
Memory Configuration

Name             Origin             Length             Attributes
FLASH            0x08000000         0x00100000         xr
RAM              0x20000000         0x00020000         xrw
CCMRAM           0x10000000         0x00010000         rw
*default*        0x00000000         0xffffffff

Linker script and memory map

LOAD c:/ac6/systemworkbench/plugins/fr.ac6.mcu.externaltools.arm-none.win32_1.15.0.201708311556/tools/compiler/bin/../lib/gcc/arm-none-eabi/6.3.1/thumb/v7e-m/fpv4-sp/hard/crti.o
LOAD c:/ac6/systemworkbench/plugins/fr.ac6.mcu.externaltools.arm-none.win32_1.15.0.201708311556/tools/compiler/bin/../lib/gcc/arm-none-eabi/6.3.1/thumb/v7e-m/fpv4-sp/hard/crtbegin.o
LOAD c:/ac6/systemworkbench/plugins/fr.ac6.mcu.externaltools.arm-none.win32_1.15.0.201708311556/tools/compiler/bin/../lib/gcc/arm-none-eabi/6.3.1/../../../../arm-none-eabi/lib/thumb/v7e-m/fpv4-sp/hard/crt0.o
LOAD Drivers/BSP/Components/stmpe811.o
LOAD Drivers/BSP/STM324xG_EVAL/stm324xg_eval.o
LOAD Drivers/BSP/STM324xG_EVAL/stm324xg_eval_io.o
LOAD Drivers/CMSIS/system_stm32f4xx.o
LOAD Drivers/STM32F4xx_HAL_Driver/stm32f4xx_hal.o
LOAD Drivers/STM32F4xx_HAL_Driver/stm32f4xx_hal_adc.o
LOAD Drivers/STM32F4xx_HAL_Driver/stm32f4xx_hal_adc_ex.o
LOAD Drivers/STM32F4xx_HAL_Driver/stm32f4xx_hal_cortex.o
LOAD Drivers/STM32F4xx_HAL_Driver/stm32f4xx_hal_dma.o
LOAD Drivers/STM32F4xx_HAL_Driver/stm32f4xx_hal_gpio.o
LOAD Drivers/STM32F4xx_HAL_Driver/stm32f4xx_hal_i2c.o
LOAD Drivers/STM32F4xx_HAL_Driver/stm32f4xx_hal_rcc.o
LOAD Drivers/STM32F4xx_HAL_Driver/stm32f4xx_hal_sram.o
LOAD Drivers/STM32F4xx_HAL_Driver/stm32f4xx_hal_uart.o
LOAD Drivers/STM32F4xx_HAL_Driver/stm32f4xx_ll_fsmc.o
LOAD Drivers/STM32F4xx_HAL_Driver/stm32f4xx_ll_usart.o
LOAD Example/SW4STM32/startup_stm32f407xx.o
LOAD Example/User/general_purpose_func.o
LOAD Example/User/io_config.o
LOAD Example/User/io_pin.o
LOAD Example/User/io_read_write.o
LOAD Example/User/main.o
LOAD Example/User/stm32f4xx_hal_msp.o
LOAD Example/User/stm32f4xx_it.o
LOAD Example/User/usart_2.o
LOAD Example/User/usart_3.o
LOAD c:/ac6/systemworkbench/plugins/fr.ac6.mcu.externaltools.arm-none.win32_1.15.0.201708311556/tools/compiler/bin/../lib/gcc/arm-none-eabi/6.3.1/../../../../arm-none-eabi/lib/thumb/v7e-m/fpv4-sp/hard\libm.a
START GROUP
LOAD c:/ac6/systemworkbench/plugins/fr.ac6.mcu.externaltools.arm-none.win32_1.15.0.201708311556/tools/compiler/bin/../lib/gcc/arm-none-eabi/6.3.1/thumb/v7e-m/fpv4-sp/hard\libgcc.a
LOAD c:/ac6/systemworkbench/plugins/fr.ac6.mcu.externaltools.arm-none.win32_1.15.0.201708311556/tools/compiler/bin/../lib/gcc/arm-none-eabi/6.3.1/../../../../arm-none-eabi/lib/thumb/v7e-m/fpv4-sp/hard\libc_nano.a
END GROUP
START GROUP
LOAD c:/ac6/systemworkbench/plugins/fr.ac6.mcu.externaltools.arm-none.win32_1.15.0.201708311556/tools/compiler/bin/../lib/gcc/arm-none-eabi/6.3.1/thumb/v7e-m/fpv4-sp/hard\libgcc.a
LOAD c:/ac6/systemworkbench/plugins/fr.ac6.mcu.externaltools.arm-none.win32_1.15.0.201708311556/tools/compiler/bin/../lib/gcc/arm-none-eabi/6.3.1/../../../../arm-none-eabi/lib/thumb/v7e-m/fpv4-sp/hard\libc_nano.a
LOAD c:/ac6/systemworkbench/plugins/fr.ac6.mcu.externaltools.arm-none.win32_1.15.0.201708311556/tools/compiler/bin/../lib/gcc/arm-none-eabi/6.3.1/../../../../arm-none-eabi/lib/thumb/v7e-m/fpv4-sp/hard\libnosys.a
END GROUP
START GROUP
LOAD c:/ac6/systemworkbench/plugins/fr.ac6.mcu.externaltools.arm-none.win32_1.15.0.201708311556/tools/compiler/bin/../lib/gcc/arm-none-eabi/6.3.1/thumb/v7e-m/fpv4-sp/hard\libgcc.a
LOAD c:/ac6/systemworkbench/plugins/fr.ac6.mcu.externaltools.arm-none.win32_1.15.0.201708311556/tools/compiler/bin/../lib/gcc/arm-none-eabi/6.3.1/../../../../arm-none-eabi/lib/thumb/v7e-m/fpv4-sp/hard\libc_nano.a
LOAD c:/ac6/systemworkbench/plugins/fr.ac6.mcu.externaltools.arm-none.win32_1.15.0.201708311556/tools/compiler/bin/../lib/gcc/arm-none-eabi/6.3.1/../../../../arm-none-eabi/lib/thumb/v7e-m/fpv4-sp/hard\libnosys.a
END GROUP
LOAD c:/ac6/systemworkbench/plugins/fr.ac6.mcu.externaltools.arm-none.win32_1.15.0.201708311556/tools/compiler/bin/../lib/gcc/arm-none-eabi/6.3.1/thumb/v7e-m/fpv4-sp/hard/crtend.o
LOAD c:/ac6/systemworkbench/plugins/fr.ac6.mcu.externaltools.arm-none.win32_1.15.0.201708311556/tools/compiler/bin/../lib/gcc/arm-none-eabi/6.3.1/thumb/v7e-m/fpv4-sp/hard/crtn.o
                0x20020000                _estack = 0x20020000
                0x00000200                _Min_Heap_Size = 0x200
                0x00000400                _Min_Stack_Size = 0x400

.isr_vector     0x08000000      0x188
                0x08000000                . = ALIGN (0x4)
 *(.isr_vector)
 .isr_vector    0x08000000      0x188 Example/SW4STM32/startup_stm32f407xx.o
                0x08000000                g_pfnVectors
                0x08000188                . = ALIGN (0x4)

.text           0x08000188     0x1674
                0x08000188                . = ALIGN (0x4)
 *(.text)
 .text          0x08000188       0x6c c:/ac6/systemworkbench/plugins/fr.ac6.mcu.externaltools.arm-none.win32_1.15.0.201708311556/tools/compiler/bin/../lib/gcc/arm-none-eabi/6.3.1/thumb/v7e-m/fpv4-sp/hard/crtbegin.o
 .text          0x080001f4       0x30 c:/ac6/systemworkbench/plugins/fr.ac6.mcu.externaltools.arm-none.win32_1.15.0.201708311556/tools/compiler/bin/../lib/gcc/arm-none-eabi/6.3.1/thumb/v7e-m/fpv4-sp/hard\libgcc.a(_aeabi_uldivmod.o)
                0x080001f4                __aeabi_uldivmod
 .text          0x08000224      0x2dc c:/ac6/systemworkbench/plugins/fr.ac6.mcu.externaltools.arm-none.win32_1.15.0.201708311556/tools/compiler/bin/../lib/gcc/arm-none-eabi/6.3.1/thumb/v7e-m/fpv4-sp/hard\libgcc.a(_udivmoddi4.o)
                0x08000224                __udivmoddi4
 .text          0x08000500        0x4 c:/ac6/systemworkbench/plugins/fr.ac6.mcu.externaltools.arm-none.win32_1.15.0.201708311556/tools/compiler/bin/../lib/gcc/arm-none-eabi/6.3.1/thumb/v7e-m/fpv4-sp/hard\libgcc.a(_dvmd_tls.o)
                0x08000500                __aeabi_idiv0
                0x08000500                __aeabi_ldiv0
 *(.text*)
 .text.SystemInit
                0x08000504       0x4c Drivers/CMSIS/system_stm32f4xx.o
                0x08000504                SystemInit
 .text.HAL_MspInit
                0x08000550        0x2 Drivers/STM32F4xx_HAL_Driver/stm32f4xx_hal.o
                0x08000550                HAL_MspInit
 *fill*         0x08000552        0x2 
 .text.HAL_Init
                0x08000554       0x28 Drivers/STM32F4xx_HAL_Driver/stm32f4xx_hal.o
                0x08000554                HAL_Init
 .text.HAL_InitTick
                0x0800057c       0x44 Drivers/STM32F4xx_HAL_Driver/stm32f4xx_hal.o
                0x0800057c                HAL_InitTick
 .text.HAL_IncTick
                0x080005c0       0x18 Drivers/STM32F4xx_HAL_Driver/stm32f4xx_hal.o
                0x080005c0                HAL_IncTick
 .text.HAL_GetTick
                0x080005d8        0xc Drivers/STM32F4xx_HAL_Driver/stm32f4xx_hal.o
                0x080005d8                HAL_GetTick
 .text.HAL_GetREVID
                0x080005e4        0xc Drivers/STM32F4xx_HAL_Driver/stm32f4xx_hal.o
                0x080005e4                HAL_GetREVID
 .text.HAL_NVIC_SetPriorityGrouping
                0x080005f0       0x24 Drivers/STM32F4xx_HAL_Driver/stm32f4xx_hal_cortex.o
                0x080005f0                HAL_NVIC_SetPriorityGrouping
 .text.HAL_NVIC_SetPriority
                0x08000614       0x68 Drivers/STM32F4xx_HAL_Driver/stm32f4xx_hal_cortex.o
                0x08000614                HAL_NVIC_SetPriority
 .text.HAL_SYSTICK_Config
                0x0800067c       0x2c Drivers/STM32F4xx_HAL_Driver/stm32f4xx_hal_cortex.o
                0x0800067c                HAL_SYSTICK_Config
 .text.HAL_DMA_Abort_IT
                0x080006a8       0x24 Drivers/STM32F4xx_HAL_Driver/stm32f4xx_hal_dma.o
                0x080006a8                HAL_DMA_Abort_IT
 .text.HAL_DMA_IRQHandler
                0x080006cc      0x174 Drivers/STM32F4xx_HAL_Driver/stm32f4xx_hal_dma.o
                0x080006cc                HAL_DMA_IRQHandler
 .text.HAL_GPIO_Init
                0x08000840      0x1c0 Drivers/STM32F4xx_HAL_Driver/stm32f4xx_hal_gpio.o
                0x08000840                HAL_GPIO_Init
 .text.HAL_GPIO_ReadPin
                0x08000a00        0xc Drivers/STM32F4xx_HAL_Driver/stm32f4xx_hal_gpio.o
                0x08000a00                HAL_GPIO_ReadPin
 .text.HAL_GPIO_TogglePin
                0x08000a0c        0x8 Drivers/STM32F4xx_HAL_Driver/stm32f4xx_hal_gpio.o
                0x08000a0c                HAL_GPIO_TogglePin
 .text.HAL_RCC_OscConfig
                0x08000a14      0x304 Drivers/STM32F4xx_HAL_Driver/stm32f4xx_hal_rcc.o
                0x08000a14                HAL_RCC_OscConfig
 .text.HAL_RCC_GetSysClockFreq
                0x08000d18       0x5c Drivers/STM32F4xx_HAL_Driver/stm32f4xx_hal_rcc.o
                0x08000d18                HAL_RCC_GetSysClockFreq
 .text.HAL_RCC_ClockConfig
                0x08000d74      0x134 Drivers/STM32F4xx_HAL_Driver/stm32f4xx_hal_rcc.o
                0x08000d74                HAL_RCC_ClockConfig
 .text.UART_EndRxTransfer
                0x08000ea8       0x1a Drivers/STM32F4xx_HAL_Driver/stm32f4xx_hal_uart.o
 .text.HAL_UART_Receive_IT
                0x08000ec2       0x46 Drivers/STM32F4xx_HAL_Driver/stm32f4xx_hal_uart.o
                0x08000ec2                HAL_UART_Receive_IT
 .text.UART_Receive_IT
                0x08000f08       0x74 Drivers/STM32F4xx_HAL_Driver/stm32f4xx_hal_uart.o
 .text.HAL_UART_ErrorCallback
                0x08000f7c        0x2 Drivers/STM32F4xx_HAL_Driver/stm32f4xx_hal_uart.o
                0x08000f7c                HAL_UART_ErrorCallback
 *fill*         0x08000f7e        0x2 
 .text.HAL_UART_IRQHandler
                0x08000f80      0x140 Drivers/STM32F4xx_HAL_Driver/stm32f4xx_hal_uart.o
                0x08000f80                HAL_UART_IRQHandler
 .text.UART_DMAAbortOnError
                0x080010c0       0x10 Drivers/STM32F4xx_HAL_Driver/stm32f4xx_hal_uart.o
 .text.Reset_Handler
                0x080010d0       0x50 Example/SW4STM32/startup_stm32f407xx.o
                0x080010d0                Reset_Handler
 .text.Default_Handler
                0x08001120        0x2 Example/SW4STM32/startup_stm32f407xx.o
                0x08001120                RTC_Alarm_IRQHandler
                0x08001120                HASH_RNG_IRQHandler
                0x08001120                EXTI2_IRQHandler
                0x08001120                TIM8_CC_IRQHandler
                0x08001120                TIM1_CC_IRQHandler
                0x08001120                DMA2_Stream5_IRQHandler
                0x08001120                DMA1_Stream5_IRQHandler
                0x08001120                PVD_IRQHandler
                0x08001120                SDIO_IRQHandler
                0x08001120                TAMP_STAMP_IRQHandler
                0x08001120                CAN2_RX1_IRQHandler
                0x08001120                EXTI3_IRQHandler
                0x08001120                TIM8_TRG_COM_TIM14_IRQHandler
                0x08001120                TIM1_UP_TIM10_IRQHandler
                0x08001120                TIM8_UP_TIM13_IRQHandler
                0x08001120                I2C3_ER_IRQHandler
                0x08001120                EXTI0_IRQHandler
                0x08001120                I2C2_EV_IRQHandler
                0x08001120                DMA1_Stream2_IRQHandler
                0x08001120                CAN1_RX0_IRQHandler
                0x08001120                FPU_IRQHandler
                0x08001120                OTG_HS_WKUP_IRQHandler
                0x08001120                CAN2_SCE_IRQHandler
                0x08001120                DMA2_Stream2_IRQHandler
                0x08001120                SPI1_IRQHandler
                0x08001120                TIM6_DAC_IRQHandler
                0x08001120                TIM1_BRK_TIM9_IRQHandler
                0x08001120                DCMI_IRQHandler
                0x08001120                CAN2_RX0_IRQHandler
                0x08001120                DMA2_Stream3_IRQHandler
                0x08001120                USART6_IRQHandler
                0x08001120                CAN1_RX1_IRQHandler
                0x08001120                UART5_IRQHandler
                0x08001120                TIM4_IRQHandler
                0x08001120                I2C1_EV_IRQHandler
                0x08001120                DMA1_Stream6_IRQHandler
                0x08001120                UART4_IRQHandler
                0x08001120                TIM3_IRQHandler
                0x08001120                RCC_IRQHandler
                0x08001120                TIM8_BRK_TIM12_IRQHandler
                0x08001120                Default_Handler
                0x08001120                EXTI15_10_IRQHandler
                0x08001120                ADC_IRQHandler
                0x08001120                DMA1_Stream7_IRQHandler
                0x08001120                TIM7_IRQHandler
                0x08001120                CAN2_TX_IRQHandler
                0x08001120                TIM5_IRQHandler
                0x08001120                DMA2_Stream7_IRQHandler
                0x08001120                I2C3_EV_IRQHandler
                0x08001120                EXTI9_5_IRQHandler
                0x08001120                RTC_WKUP_IRQHandler
                0x08001120                ETH_WKUP_IRQHandler
                0x08001120                SPI2_IRQHandler
                0x08001120                OTG_HS_EP1_IN_IRQHandler
                0x08001120                DMA1_Stream0_IRQHandler
                0x08001120                CAN1_TX_IRQHandler
                0x08001120                EXTI4_IRQHandler
                0x08001120                FSMC_IRQHandler
                0x08001120                ETH_IRQHandler
                0x08001120                OTG_HS_EP1_OUT_IRQHandler
                0x08001120                WWDG_IRQHandler
                0x08001120                TIM2_IRQHandler
                0x08001120                OTG_FS_WKUP_IRQHandler
                0x08001120                TIM1_TRG_COM_TIM11_IRQHandler
                0x08001120                OTG_HS_IRQHandler
                0x08001120                EXTI1_IRQHandler
                0x08001120                I2C2_ER_IRQHandler
                0x08001120                DMA2_Stream1_IRQHandler
                0x08001120                CAN1_SCE_IRQHandler
                0x08001120                FLASH_IRQHandler
                0x08001120                DMA2_Stream4_IRQHandler
                0x08001120                USART1_IRQHandler
                0x08001120                OTG_FS_IRQHandler
                0x08001120                SPI3_IRQHandler
                0x08001120                DMA1_Stream4_IRQHandler
                0x08001120                I2C1_ER_IRQHandler
                0x08001120                DMA2_Stream6_IRQHandler
 *fill*         0x08001122        0x2 
 .text.DIGITAL_IN_CONFIG
                0x08001124      0x128 Example/User/io_config.o
                0x08001124                DIGITAL_IN_CONFIG
 .text.DIGITAL_OUT_CONFIG
                0x0800124c       0xc4 Example/User/io_config.o
                0x0800124c                DIGITAL_OUT_CONFIG
 .text.HAL_UART_TxCpltCallback
                0x08001310        0x2 Example/User/io_config.o
                0x08001310                HAL_UART_TxCpltCallback
 *fill*         0x08001312        0x2 
 .text.HAL_UART_RxCpltCallback
                0x08001314       0x20 Example/User/io_config.o
                0x08001314                HAL_UART_RxCpltCallback
 .text.CREATE_DIGITAL_IN_PIN
                0x08001334       0xe0 Example/User/io_pin.o
                0x08001334                CREATE_DIGITAL_IN_PIN
 .text.CREATE_DIGITAL_OUT_PIN
                0x08001414       0x68 Example/User/io_pin.o
                0x08001414                CREATE_DIGITAL_OUT_PIN
 .text.ReadDigitalPins
                0x0800147c      0x1a0 Example/User/io_read_write.o
                0x0800147c                ReadDigitalPins
 .text.beatHeart
                0x0800161c       0x10 Example/User/io_read_write.o
                0x0800161c                beatHeart
 .text.startup.main
                0x0800162c      0x100 Example/User/main.o
                0x0800162c                main
 .text.NMI_Handler
                0x0800172c        0x2 Example/User/stm32f4xx_it.o
                0x0800172c                NMI_Handler
 .text.HardFault_Handler
                0x0800172e        0x2 Example/User/stm32f4xx_it.o
                0x0800172e                HardFault_Handler
 .text.MemManage_Handler
                0x08001730        0x2 Example/User/stm32f4xx_it.o
                0x08001730                MemManage_Handler
 .text.BusFault_Handler
                0x08001732        0x2 Example/User/stm32f4xx_it.o
                0x08001732                BusFault_Handler
 .text.UsageFault_Handler
                0x08001734        0x2 Example/User/stm32f4xx_it.o
                0x08001734                UsageFault_Handler
 .text.SVC_Handler
                0x08001736        0x2 Example/User/stm32f4xx_it.o
                0x08001736                SVC_Handler
 .text.DebugMon_Handler
                0x08001738        0x2 Example/User/stm32f4xx_it.o
                0x08001738                DebugMon_Handler
 .text.PendSV_Handler
                0x0800173a        0x2 Example/User/stm32f4xx_it.o
                0x0800173a                PendSV_Handler
 .text.SysTick_Handler
                0x0800173c       0x24 Example/User/stm32f4xx_it.o
                0x0800173c                SysTick_Handler
 .text.DMA2_Stream0_IRQHandler
                0x08001760        0xc Example/User/stm32f4xx_it.o
                0x08001760                DMA2_Stream0_IRQHandler
 .text.USART2_IRQHandler
                0x0800176c        0xc Example/User/stm32f4xx_it.o
                0x0800176c                USART2_IRQHandler
 .text.USART3_IRQHandler
                0x08001778        0xc Example/User/stm32f4xx_it.o
                0x08001778                USART3_IRQHandler
 .text.DMA1_Stream1_IRQHandler
                0x08001784        0xc Example/User/stm32f4xx_it.o
                0x08001784                DMA1_Stream1_IRQHandler
 .text.DMA1_Stream3_IRQHandler
                0x08001790        0xc Example/User/stm32f4xx_it.o
                0x08001790                DMA1_Stream3_IRQHandler
 .text.__libc_init_array
                0x0800179c       0x48 c:/ac6/systemworkbench/plugins/fr.ac6.mcu.externaltools.arm-none.win32_1.15.0.201708311556/tools/compiler/bin/../lib/gcc/arm-none-eabi/6.3.1/../../../../arm-none-eabi/lib/thumb/v7e-m/fpv4-sp/hard\libc_nano.a(lib_a-init.o)
                0x0800179c                __libc_init_array
 *(.glue_7)
 .glue_7        0x080017e4        0x0 linker stubs
 *(.glue_7t)
 .glue_7t       0x080017e4        0x0 linker stubs
 *(.eh_frame)
 .eh_frame      0x080017e4        0x0 c:/ac6/systemworkbench/plugins/fr.ac6.mcu.externaltools.arm-none.win32_1.15.0.201708311556/tools/compiler/bin/../lib/gcc/arm-none-eabi/6.3.1/thumb/v7e-m/fpv4-sp/hard/crtbegin.o
 *(.init)
 .init          0x080017e4        0x4 c:/ac6/systemworkbench/plugins/fr.ac6.mcu.externaltools.arm-none.win32_1.15.0.201708311556/tools/compiler/bin/../lib/gcc/arm-none-eabi/6.3.1/thumb/v7e-m/fpv4-sp/hard/crti.o
                0x080017e4                _init
 .init          0x080017e8        0x8 c:/ac6/systemworkbench/plugins/fr.ac6.mcu.externaltools.arm-none.win32_1.15.0.201708311556/tools/compiler/bin/../lib/gcc/arm-none-eabi/6.3.1/thumb/v7e-m/fpv4-sp/hard/crtn.o
 *(.fini)
 .fini          0x080017f0        0x4 c:/ac6/systemworkbench/plugins/fr.ac6.mcu.externaltools.arm-none.win32_1.15.0.201708311556/tools/compiler/bin/../lib/gcc/arm-none-eabi/6.3.1/thumb/v7e-m/fpv4-sp/hard/crti.o
                0x080017f0                _fini
 .fini          0x080017f4        0x8 c:/ac6/systemworkbench/plugins/fr.ac6.mcu.externaltools.arm-none.win32_1.15.0.201708311556/tools/compiler/bin/../lib/gcc/arm-none-eabi/6.3.1/thumb/v7e-m/fpv4-sp/hard/crtn.o
                0x080017fc                . = ALIGN (0x4)
                0x080017fc                _etext = .

.vfp11_veneer   0x080017fc        0x0
 .vfp11_veneer  0x080017fc        0x0 linker stubs

.v4_bx          0x080017fc        0x0
 .v4_bx         0x080017fc        0x0 linker stubs

.iplt           0x080017fc        0x0
 .iplt          0x080017fc        0x0 c:/ac6/systemworkbench/plugins/fr.ac6.mcu.externaltools.arm-none.win32_1.15.0.201708311556/tools/compiler/bin/../lib/gcc/arm-none-eabi/6.3.1/thumb/v7e-m/fpv4-sp/hard/crtbegin.o

.rodata         0x080017fc       0x18
                0x080017fc                . = ALIGN (0x4)
 *(.rodata)
 .rodata        0x080017fc       0x18 Drivers/CMSIS/system_stm32f4xx.o
                0x080017fc                AHBPrescTable
                0x0800180c                APBPrescTable
 *(.rodata*)
                0x08001814                . = ALIGN (0x4)

.ARM.extab
 *(.ARM.extab* .gnu.linkonce.armextab.*)

.ARM            0x08001814        0x8
                0x08001814                __exidx_start = .
 *(.ARM.exidx*)
 .ARM.exidx     0x08001814        0x8 c:/ac6/systemworkbench/plugins/fr.ac6.mcu.externaltools.arm-none.win32_1.15.0.201708311556/tools/compiler/bin/../lib/gcc/arm-none-eabi/6.3.1/thumb/v7e-m/fpv4-sp/hard\libgcc.a(_udivmoddi4.o)
                0x0800181c                __exidx_end = .

.rel.dyn        0x0800181c        0x0
 .rel.iplt      0x0800181c        0x0 c:/ac6/systemworkbench/plugins/fr.ac6.mcu.externaltools.arm-none.win32_1.15.0.201708311556/tools/compiler/bin/../lib/gcc/arm-none-eabi/6.3.1/thumb/v7e-m/fpv4-sp/hard/crtbegin.o

.preinit_array  0x0800181c        0x0
                0x0800181c                PROVIDE (__preinit_array_start, .)
 *(.preinit_array*)
                0x0800181c                PROVIDE (__preinit_array_end, .)

.init_array     0x0800181c        0x4
                0x0800181c                PROVIDE (__init_array_start, .)
 *(SORT(.init_array.*))
 *(.init_array*)
 .init_array    0x0800181c        0x4 c:/ac6/systemworkbench/plugins/fr.ac6.mcu.externaltools.arm-none.win32_1.15.0.201708311556/tools/compiler/bin/../lib/gcc/arm-none-eabi/6.3.1/thumb/v7e-m/fpv4-sp/hard/crtbegin.o
                0x08001820                PROVIDE (__init_array_end, .)

.fini_array     0x08001820        0x4
                [!provide]                PROVIDE (__fini_array_start, .)
 *(SORT(.fini_array.*))
 *(.fini_array*)
 .fini_array    0x08001820        0x4 c:/ac6/systemworkbench/plugins/fr.ac6.mcu.externaltools.arm-none.win32_1.15.0.201708311556/tools/compiler/bin/../lib/gcc/arm-none-eabi/6.3.1/thumb/v7e-m/fpv4-sp/hard/crtbegin.o
                [!provide]                PROVIDE (__fini_array_end, .)
                0x08001824                _sidata = LOADADDR (.data)

.data           0x20000000       0x14 load address 0x08001824
                0x20000000                . = ALIGN (0x4)
                0x20000000                _sdata = .
 *(.data)
 .data          0x20000000        0x4 Drivers/CMSIS/system_stm32f4xx.o
                0x20000000                SystemCoreClock
 .data          0x20000004        0x8 Drivers/STM32F4xx_HAL_Driver/stm32f4xx_hal.o
                0x20000004                uwTickFreq
                0x20000008                uwTickPrio
 .data          0x2000000c        0x6 Example/User/stm32f4xx_it.o
                0x2000000c                message_counter
                0x2000000d                measure_counter
                0x2000000e                hearbeat_counter
                0x20000010                init_counter
 *(.data*)
                0x20000014                . = ALIGN (0x4)
 *fill*         0x20000012        0x2 
                0x20000014                _edata = .
                0x08001838                _siccmram = LOADADDR (.ccmram)

.jcr            0x20000014        0x0 load address 0x08001838
 .jcr           0x20000014        0x0 c:/ac6/systemworkbench/plugins/fr.ac6.mcu.externaltools.arm-none.win32_1.15.0.201708311556/tools/compiler/bin/../lib/gcc/arm-none-eabi/6.3.1/thumb/v7e-m/fpv4-sp/hard/crtbegin.o

.igot.plt       0x20000014        0x0 load address 0x08001838
 .igot.plt      0x20000014        0x0 c:/ac6/systemworkbench/plugins/fr.ac6.mcu.externaltools.arm-none.win32_1.15.0.201708311556/tools/compiler/bin/../lib/gcc/arm-none-eabi/6.3.1/thumb/v7e-m/fpv4-sp/hard/crtbegin.o

.ccmram         0x10000000        0x0 load address 0x08001838
                0x10000000                . = ALIGN (0x4)
                0x10000000                _sccmram = .
 *(.ccmram)
 *(.ccmram*)
                0x10000000                . = ALIGN (0x4)
                0x10000000                _eccmram = .
                0x10000000                . = ALIGN (0x4)

.bss            0x20000014      0x4cc
                0x20000014                _sbss = .
                0x20000014                __bss_start__ = _sbss
 *(.bss)
 .bss           0x20000014       0x1c c:/ac6/systemworkbench/plugins/fr.ac6.mcu.externaltools.arm-none.win32_1.15.0.201708311556/tools/compiler/bin/../lib/gcc/arm-none-eabi/6.3.1/thumb/v7e-m/fpv4-sp/hard/crtbegin.o
 *(.bss*)
 *(COMMON)
 COMMON         0x20000030        0x4 Drivers/STM32F4xx_HAL_Driver/stm32f4xx_hal.o
                0x20000030                uwTick
 COMMON         0x20000034      0x10e Example/User/io_config.o
                0x20000034                USART2_Rx_Buffer
                0x20000054                USART3_Rx_Buffer
                0x20000074                Uart3Handle
                0x200000b4                Uart2Handle
                0x200000f4                AdcHandle
                0x2000013c                ADC1ConvertedValue
 *fill*         0x20000142        0x2 
 COMMON         0x20000144      0x37c Example/User/io_pin.o
                0x20000144                BLINK
                0x20000164                DIGITAL_IN16
                0x20000184                DIGITAL_IN10
                0x200001a4                DIGITAL_OUT2
                0x200001c4                ANALOG2
                0x200001f8                USART2_Tx
                0x20000200                DIGITAL_IN1
                0x20000220                DIGITAL_IN12
                0x20000240                ANALOG1
                0x20000274                DIGITAL_OUT5
                0x20000294                DIGITAL_IN7
                0x200002b4                DIGITAL_IN8
                0x200002d4                DIGITAL_IN6
                0x200002f4                ANALOG3
                0x20000328                USART2_Rx
                0x20000330                DIGITAL_OUT1
                0x20000350                DIGITAL_IN5
                0x20000370                USART3_Tx
                0x20000378                DIGITAL_OUT4
                0x20000398                DIGITAL_IN15
                0x200003b8                DIGITAL_IN2
                0x200003d8                DIGITAL_IN11
                0x200003f8                DIGITAL_IN4
                0x20000418                DIGITAL_IN3
                0x20000438                USART3_Rx
                0x20000440                DIGITAL_IN13
                0x20000460                DIGITAL_IN9
                0x20000480                DIGITAL_IN14
                0x200004a0                DIGITAL_OUT3
 COMMON         0x200004c0       0x1e Example/User/io_read_write.o
                0x200004c0                digital_message
                0x200004d1                analog_message
                0x200004e0                . = ALIGN (0x4)
 *fill*         0x200004de        0x2 
                0x200004e0                _ebss = .
                0x200004e0                __bss_end__ = _ebss

._user_heap_stack
                0x200004e0      0x600
                0x200004e0                . = ALIGN (0x4)
                0x200004e0                PROVIDE (end, .)
                [!provide]                PROVIDE (_end, .)
                0x200006e0                . = (. + _Min_Heap_Size)
 *fill*         0x200004e0      0x200 
                0x20000ae0                . = (. + _Min_Stack_Size)
 *fill*         0x200006e0      0x400 
                0x20000ae0                . = ALIGN (0x4)

/DISCARD/
 libc.a(*)
 libm.a(*)
 libgcc.a(*)

.ARM.attributes
                0x00000000       0x30
 *(.ARM.attributes)
 .ARM.attributes
                0x00000000       0x22 c:/ac6/systemworkbench/plugins/fr.ac6.mcu.externaltools.arm-none.win32_1.15.0.201708311556/tools/compiler/bin/../lib/gcc/arm-none-eabi/6.3.1/thumb/v7e-m/fpv4-sp/hard/crti.o
 .ARM.attributes
                0x00000022       0x34 c:/ac6/systemworkbench/plugins/fr.ac6.mcu.externaltools.arm-none.win32_1.15.0.201708311556/tools/compiler/bin/../lib/gcc/arm-none-eabi/6.3.1/thumb/v7e-m/fpv4-sp/hard/crtbegin.o
 .ARM.attributes
                0x00000056       0x39 Drivers/CMSIS/system_stm32f4xx.o
 .ARM.attributes
                0x0000008f       0x39 Drivers/STM32F4xx_HAL_Driver/stm32f4xx_hal.o
 .ARM.attributes
                0x000000c8       0x39 Drivers/STM32F4xx_HAL_Driver/stm32f4xx_hal_cortex.o
 .ARM.attributes
                0x00000101       0x39 Drivers/STM32F4xx_HAL_Driver/stm32f4xx_hal_dma.o
 .ARM.attributes
                0x0000013a       0x39 Drivers/STM32F4xx_HAL_Driver/stm32f4xx_hal_gpio.o
 .ARM.attributes
                0x00000173       0x39 Drivers/STM32F4xx_HAL_Driver/stm32f4xx_hal_rcc.o
 .ARM.attributes
                0x000001ac       0x39 Drivers/STM32F4xx_HAL_Driver/stm32f4xx_hal_uart.o
 .ARM.attributes
                0x000001e5       0x21 Example/SW4STM32/startup_stm32f407xx.o
 .ARM.attributes
                0x00000206       0x39 Example/User/io_config.o
 .ARM.attributes
                0x0000023f       0x39 Example/User/io_pin.o
 .ARM.attributes
                0x00000278       0x39 Example/User/io_read_write.o
 .ARM.attributes
                0x000002b1       0x39 Example/User/main.o
 .ARM.attributes
                0x000002ea       0x39 Example/User/stm32f4xx_it.o
 .ARM.attributes
                0x00000323       0x22 c:/ac6/systemworkbench/plugins/fr.ac6.mcu.externaltools.arm-none.win32_1.15.0.201708311556/tools/compiler/bin/../lib/gcc/arm-none-eabi/6.3.1/thumb/v7e-m/fpv4-sp/hard\libgcc.a(_aeabi_uldivmod.o)
 .ARM.attributes
                0x00000345       0x34 c:/ac6/systemworkbench/plugins/fr.ac6.mcu.externaltools.arm-none.win32_1.15.0.201708311556/tools/compiler/bin/../lib/gcc/arm-none-eabi/6.3.1/thumb/v7e-m/fpv4-sp/hard\libgcc.a(_udivmoddi4.o)
 .ARM.attributes
                0x00000379       0x22 c:/ac6/systemworkbench/plugins/fr.ac6.mcu.externaltools.arm-none.win32_1.15.0.201708311556/tools/compiler/bin/../lib/gcc/arm-none-eabi/6.3.1/thumb/v7e-m/fpv4-sp/hard\libgcc.a(_dvmd_tls.o)
 .ARM.attributes
                0x0000039b       0x34 c:/ac6/systemworkbench/plugins/fr.ac6.mcu.externaltools.arm-none.win32_1.15.0.201708311556/tools/compiler/bin/../lib/gcc/arm-none-eabi/6.3.1/../../../../arm-none-eabi/lib/thumb/v7e-m/fpv4-sp/hard\libc_nano.a(lib_a-init.o)
 .ARM.attributes
                0x000003cf       0x22 c:/ac6/systemworkbench/plugins/fr.ac6.mcu.externaltools.arm-none.win32_1.15.0.201708311556/tools/compiler/bin/../lib/gcc/arm-none-eabi/6.3.1/thumb/v7e-m/fpv4-sp/hard/crtn.o
OUTPUT(STM324xG_EVAL.elf elf32-littlearm)

.debug_info     0x00000000     0xfeee
 .debug_info    0x00000000      0xd30 Drivers/CMSIS/system_stm32f4xx.o
 .debug_info    0x00000d30     0x11ed Drivers/STM32F4xx_HAL_Driver/stm32f4xx_hal.o
 .debug_info    0x00001f1d     0x1758 Drivers/STM32F4xx_HAL_Driver/stm32f4xx_hal_cortex.o
 .debug_info    0x00003675     0x1270 Drivers/STM32F4xx_HAL_Driver/stm32f4xx_hal_dma.o
 .debug_info    0x000048e5      0xf9c Drivers/STM32F4xx_HAL_Driver/stm32f4xx_hal_gpio.o
 .debug_info    0x00005881     0x127d Drivers/STM32F4xx_HAL_Driver/stm32f4xx_hal_rcc.o
 .debug_info    0x00006afe     0x1eb7 Drivers/STM32F4xx_HAL_Driver/stm32f4xx_hal_uart.o
 .debug_info    0x000089b5      0x142 Example/SW4STM32/startup_stm32f407xx.o
 .debug_info    0x00008af7     0x2045 Example/User/io_config.o
 .debug_info    0x0000ab3c     0x12cb Example/User/io_pin.o
 .debug_info    0x0000be07     0x13fb Example/User/io_read_write.o
 .debug_info    0x0000d202     0x183f Example/User/main.o
 .debug_info    0x0000ea41     0x14ad Example/User/stm32f4xx_it.o

.debug_abbrev   0x00000000     0x22c8
 .debug_abbrev  0x00000000      0x205 Drivers/CMSIS/system_stm32f4xx.o
 .debug_abbrev  0x00000205      0x343 Drivers/STM32F4xx_HAL_Driver/stm32f4xx_hal.o
 .debug_abbrev  0x00000548      0x3c5 Drivers/STM32F4xx_HAL_Driver/stm32f4xx_hal_cortex.o
 .debug_abbrev  0x0000090d      0x385 Drivers/STM32F4xx_HAL_Driver/stm32f4xx_hal_dma.o
 .debug_abbrev  0x00000c92      0x2a3 Drivers/STM32F4xx_HAL_Driver/stm32f4xx_hal_gpio.o
 .debug_abbrev  0x00000f35      0x38e Drivers/STM32F4xx_HAL_Driver/stm32f4xx_hal_rcc.o
 .debug_abbrev  0x000012c3      0x3d2 Drivers/STM32F4xx_HAL_Driver/stm32f4xx_hal_uart.o
 .debug_abbrev  0x00001695       0x12 Example/SW4STM32/startup_stm32f407xx.o
 .debug_abbrev  0x000016a7      0x2ca Example/User/io_config.o
 .debug_abbrev  0x00001971      0x1e5 Example/User/io_pin.o
 .debug_abbrev  0x00001b56      0x26e Example/User/io_read_write.o
 .debug_abbrev  0x00001dc4      0x2a1 Example/User/main.o
 .debug_abbrev  0x00002065      0x263 Example/User/stm32f4xx_it.o

.debug_loc      0x00000000     0x2a23
 .debug_loc     0x00000000      0x11c Drivers/CMSIS/system_stm32f4xx.o
 .debug_loc     0x0000011c      0x11b Drivers/STM32F4xx_HAL_Driver/stm32f4xx_hal.o
 .debug_loc     0x00000237      0x4fb Drivers/STM32F4xx_HAL_Driver/stm32f4xx_hal_cortex.o
 .debug_loc     0x00000732      0x727 Drivers/STM32F4xx_HAL_Driver/stm32f4xx_hal_dma.o
 .debug_loc     0x00000e59      0x3cd Drivers/STM32F4xx_HAL_Driver/stm32f4xx_hal_gpio.o
 .debug_loc     0x00001226      0x336 Drivers/STM32F4xx_HAL_Driver/stm32f4xx_hal_rcc.o
 .debug_loc     0x0000155c     0x132c Drivers/STM32F4xx_HAL_Driver/stm32f4xx_hal_uart.o
 .debug_loc     0x00002888      0x17c Example/User/io_config.o
 .debug_loc     0x00002a04       0x1f Example/User/io_read_write.o

.debug_aranges  0x00000000      0x628
 .debug_aranges
                0x00000000       0x28 Drivers/CMSIS/system_stm32f4xx.o
 .debug_aranges
                0x00000028       0xd8 Drivers/STM32F4xx_HAL_Driver/stm32f4xx_hal.o
 .debug_aranges
                0x00000100       0xa8 Drivers/STM32F4xx_HAL_Driver/stm32f4xx_hal_cortex.o
 .debug_aranges
                0x000001a8       0x80 Drivers/STM32F4xx_HAL_Driver/stm32f4xx_hal_dma.o
 .debug_aranges
                0x00000228       0x58 Drivers/STM32F4xx_HAL_Driver/stm32f4xx_hal_gpio.o
 .debug_aranges
                0x00000280       0x88 Drivers/STM32F4xx_HAL_Driver/stm32f4xx_hal_rcc.o
 .debug_aranges
                0x00000308      0x170 Drivers/STM32F4xx_HAL_Driver/stm32f4xx_hal_uart.o
 .debug_aranges
                0x00000478       0x28 Example/SW4STM32/startup_stm32f407xx.o
 .debug_aranges
                0x000004a0       0x78 Example/User/io_config.o
 .debug_aranges
                0x00000518       0x40 Example/User/io_pin.o
 .debug_aranges
                0x00000558       0x38 Example/User/io_read_write.o
 .debug_aranges
                0x00000590       0x28 Example/User/main.o
 .debug_aranges
                0x000005b8       0x70 Example/User/stm32f4xx_it.o

.debug_ranges   0x00000000      0x820
 .debug_ranges  0x00000000       0x18 Drivers/CMSIS/system_stm32f4xx.o
 .debug_ranges  0x00000018       0xc8 Drivers/STM32F4xx_HAL_Driver/stm32f4xx_hal.o
 .debug_ranges  0x000000e0      0x138 Drivers/STM32F4xx_HAL_Driver/stm32f4xx_hal_cortex.o
 .debug_ranges  0x00000218       0xc8 Drivers/STM32F4xx_HAL_Driver/stm32f4xx_hal_dma.o
 .debug_ranges  0x000002e0       0x68 Drivers/STM32F4xx_HAL_Driver/stm32f4xx_hal_gpio.o
 .debug_ranges  0x00000348       0xb0 Drivers/STM32F4xx_HAL_Driver/stm32f4xx_hal_rcc.o
 .debug_ranges  0x000003f8      0x178 Drivers/STM32F4xx_HAL_Driver/stm32f4xx_hal_uart.o
 .debug_ranges  0x00000570       0x20 Example/SW4STM32/startup_stm32f407xx.o
 .debug_ranges  0x00000590      0x188 Example/User/io_config.o
 .debug_ranges  0x00000718       0x30 Example/User/io_pin.o
 .debug_ranges  0x00000748       0x40 Example/User/io_read_write.o
 .debug_ranges  0x00000788       0x38 Example/User/main.o
 .debug_ranges  0x000007c0       0x60 Example/User/stm32f4xx_it.o

.debug_macro    0x00000000     0x2d84
 .debug_macro   0x00000000      0x34e Drivers/CMSIS/system_stm32f4xx.o
 .debug_macro   0x0000034e      0x3a8 Drivers/STM32F4xx_HAL_Driver/stm32f4xx_hal.o
 .debug_macro   0x000006f6      0x348 Drivers/STM32F4xx_HAL_Driver/stm32f4xx_hal_cortex.o
 .debug_macro   0x00000a3e      0x34f Drivers/STM32F4xx_HAL_Driver/stm32f4xx_hal_dma.o
 .debug_macro   0x00000d8d      0x380 Drivers/STM32F4xx_HAL_Driver/stm32f4xx_hal_gpio.o
 .debug_macro   0x0000110d      0x36c Drivers/STM32F4xx_HAL_Driver/stm32f4xx_hal_rcc.o
 .debug_macro   0x00001479      0x349 Drivers/STM32F4xx_HAL_Driver/stm32f4xx_hal_uart.o
 .debug_macro   0x000017c2      0x36f Example/User/io_config.o
 .debug_macro   0x00001b31      0x365 Example/User/io_pin.o
 .debug_macro   0x00001e96       0x3b Example/User/io_pin.o
 .debug_macro   0x00001ed1      0x3b1 Example/User/io_read_write.o
 .debug_macro   0x00002282      0x10c Example/User/io_read_write.o
 .debug_macro   0x0000238e       0x16 Example/User/io_read_write.o
 .debug_macro   0x000023a4       0x35 Example/User/io_read_write.o
 .debug_macro   0x000023d9       0x16 Example/User/io_read_write.o
 .debug_macro   0x000023ef       0x29 Example/User/io_read_write.o
 .debug_macro   0x00002418      0x396 Example/User/main.o
 .debug_macro   0x000027ae      0x256 Example/User/main.o
 .debug_macro   0x00002a04      0x380 Example/User/stm32f4xx_it.o

.debug_line     0x00000000     0x83ba
 .debug_line    0x00000000      0x917 Drivers/CMSIS/system_stm32f4xx.o
 .debug_line    0x00000917      0xa79 Drivers/STM32F4xx_HAL_Driver/stm32f4xx_hal.o
 .debug_line    0x00001390      0xadf Drivers/STM32F4xx_HAL_Driver/stm32f4xx_hal_cortex.o
 .debug_line    0x00001e6f      0xbe2 Drivers/STM32F4xx_HAL_Driver/stm32f4xx_hal_dma.o
 .debug_line    0x00002a51      0xa77 Drivers/STM32F4xx_HAL_Driver/stm32f4xx_hal_gpio.o
 .debug_line    0x000034c8      0xb44 Drivers/STM32F4xx_HAL_Driver/stm32f4xx_hal_rcc.o
 .debug_line    0x0000400c     0x11ab Drivers/STM32F4xx_HAL_Driver/stm32f4xx_hal_uart.o
 .debug_line    0x000051b7       0xee Example/SW4STM32/startup_stm32f407xx.o
 .debug_line    0x000052a5      0xa73 Example/User/io_config.o
 .debug_line    0x00005d18      0x8f6 Example/User/io_pin.o
 .debug_line    0x0000660e      0x99b Example/User/io_read_write.o
 .debug_line    0x00006fa9      0x9f6 Example/User/main.o
 .debug_line    0x0000799f      0xa1b Example/User/stm32f4xx_it.o

.debug_str      0x00000000    0xc80df
 .debug_str     0x00000000    0xc40a9 Drivers/CMSIS/system_stm32f4xx.o
                              0xc4387 (size before relaxing)
 .debug_str     0x000c40a9      0xb06 Drivers/STM32F4xx_HAL_Driver/stm32f4xx_hal.o
                              0xc4eb3 (size before relaxing)
 .debug_str     0x000c4baf      0x385 Drivers/STM32F4xx_HAL_Driver/stm32f4xx_hal_cortex.o
                              0xc4bf5 (size before relaxing)
 .debug_str     0x000c4f34      0x561 Drivers/STM32F4xx_HAL_Driver/stm32f4xx_hal_dma.o
                              0xc476a (size before relaxing)
 .debug_str     0x000c5495      0x2bd Drivers/STM32F4xx_HAL_Driver/stm32f4xx_hal_gpio.o
                              0xc4588 (size before relaxing)
 .debug_str     0x000c5752      0x39e Drivers/STM32F4xx_HAL_Driver/stm32f4xx_hal_rcc.o
                              0xc4752 (size before relaxing)
 .debug_str     0x000c5af0      0x70d Drivers/STM32F4xx_HAL_Driver/stm32f4xx_hal_uart.o
                              0xc4bcd (size before relaxing)
 .debug_str     0x000c61fd      0x9e5 Example/User/io_config.o
                              0xc56e5 (size before relaxing)
 .debug_str     0x000c6be2       0x19 Example/User/io_pin.o
                              0xc4c96 (size before relaxing)
 .debug_str     0x000c6bfb      0x1cd Example/User/io_read_write.o
                              0xc4e4c (size before relaxing)
 .debug_str     0x000c6dc8     0x119d Example/User/main.o
                              0xc6208 (size before relaxing)
 .debug_str     0x000c7f65      0x17a Example/User/stm32f4xx_it.o
                              0xc601d (size before relaxing)

.comment        0x00000000       0x7f
 .comment       0x00000000       0x7f Drivers/CMSIS/system_stm32f4xx.o
                                 0x80 (size before relaxing)
 .comment       0x0000007f       0x80 Drivers/STM32F4xx_HAL_Driver/stm32f4xx_hal.o
 .comment       0x0000007f       0x80 Drivers/STM32F4xx_HAL_Driver/stm32f4xx_hal_cortex.o
 .comment       0x0000007f       0x80 Drivers/STM32F4xx_HAL_Driver/stm32f4xx_hal_dma.o
 .comment       0x0000007f       0x80 Drivers/STM32F4xx_HAL_Driver/stm32f4xx_hal_gpio.o
 .comment       0x0000007f       0x80 Drivers/STM32F4xx_HAL_Driver/stm32f4xx_hal_rcc.o
 .comment       0x0000007f       0x80 Drivers/STM32F4xx_HAL_Driver/stm32f4xx_hal_uart.o
 .comment       0x0000007f       0x80 Example/User/io_config.o
 .comment       0x0000007f       0x80 Example/User/io_pin.o
 .comment       0x0000007f       0x80 Example/User/io_read_write.o
 .comment       0x0000007f       0x80 Example/User/main.o
 .comment       0x0000007f       0x80 Example/User/stm32f4xx_it.o

.debug_frame    0x00000000      0xf68
 .debug_frame   0x00000000       0x38 Drivers/CMSIS/system_stm32f4xx.o
 .debug_frame   0x00000038      0x1d0 Drivers/STM32F4xx_HAL_Driver/stm32f4xx_hal.o
 .debug_frame   0x00000208      0x158 Drivers/STM32F4xx_HAL_Driver/stm32f4xx_hal_cortex.o
 .debug_frame   0x00000360      0x150 Drivers/STM32F4xx_HAL_Driver/stm32f4xx_hal_dma.o
 .debug_frame   0x000004b0       0xd8 Drivers/STM32F4xx_HAL_Driver/stm32f4xx_hal_gpio.o
 .debug_frame   0x00000588      0x13c Drivers/STM32F4xx_HAL_Driver/stm32f4xx_hal_rcc.o
 .debug_frame   0x000006c4      0x4a0 Drivers/STM32F4xx_HAL_Driver/stm32f4xx_hal_uart.o
 .debug_frame   0x00000b64      0x164 Example/User/io_config.o
 .debug_frame   0x00000cc8       0x6c Example/User/io_pin.o
 .debug_frame   0x00000d34       0x7c Example/User/io_read_write.o
 .debug_frame   0x00000db0       0x3c Example/User/main.o
 .debug_frame   0x00000dec       0xf0 Example/User/stm32f4xx_it.o
 .debug_frame   0x00000edc       0x2c c:/ac6/systemworkbench/plugins/fr.ac6.mcu.externaltools.arm-none.win32_1.15.0.201708311556/tools/compiler/bin/../lib/gcc/arm-none-eabi/6.3.1/thumb/v7e-m/fpv4-sp/hard\libgcc.a(_aeabi_uldivmod.o)
 .debug_frame   0x00000f08       0x34 c:/ac6/systemworkbench/plugins/fr.ac6.mcu.externaltools.arm-none.win32_1.15.0.201708311556/tools/compiler/bin/../lib/gcc/arm-none-eabi/6.3.1/thumb/v7e-m/fpv4-sp/hard\libgcc.a(_udivmoddi4.o)
 .debug_frame   0x00000f3c       0x2c c:/ac6/systemworkbench/plugins/fr.ac6.mcu.externaltools.arm-none.win32_1.15.0.201708311556/tools/compiler/bin/../lib/gcc/arm-none-eabi/6.3.1/../../../../arm-none-eabi/lib/thumb/v7e-m/fpv4-sp/hard\libc_nano.a(lib_a-init.o)
